Archive member included because of file (symbol)

c:/program files (x86)/emblocks/2.30/share/em_armgcc/bin/../lib/gcc/arm-none-eabi/4.7.3/armv6-m\libgcc.a(_udivsi3.o)
                              obj\debug\spl\src\stm32f0xx_rcc.o (__aeabi_uidiv)
c:/program files (x86)/emblocks/2.30/share/em_armgcc/bin/../lib/gcc/arm-none-eabi/4.7.3/armv6-m\libgcc.a(_dvmd_tls.o)
                              c:/program files (x86)/emblocks/2.30/share/em_armgcc/bin/../lib/gcc/arm-none-eabi/4.7.3/armv6-m\libgcc.a(_udivsi3.o) (__aeabi_idiv0)
c:/program files (x86)/emblocks/2.30/share/em_armgcc/bin/../lib/gcc/arm-none-eabi/4.7.3/armv6-m\libgcc.a(addsf3.o)
                              obj\debug\src\dht22.o (__aeabi_fadd)
c:/program files (x86)/emblocks/2.30/share/em_armgcc/bin/../lib/gcc/arm-none-eabi/4.7.3/armv6-m\libgcc.a(divsf3.o)
                              obj\debug\src\dht22.o (__aeabi_fdiv)
c:/program files (x86)/emblocks/2.30/share/em_armgcc/bin/../lib/gcc/arm-none-eabi/4.7.3/armv6-m\libgcc.a(mulsf3.o)
                              obj\debug\src\dht22.o (__aeabi_fmul)
c:/program files (x86)/emblocks/2.30/share/em_armgcc/bin/../lib/gcc/arm-none-eabi/4.7.3/armv6-m\libgcc.a(fixsfsi.o)
                              obj\debug\src\main.o (__aeabi_f2iz)
c:/program files (x86)/emblocks/2.30/share/em_armgcc/bin/../lib/gcc/arm-none-eabi/4.7.3/armv6-m\libgcc.a(floatsisf.o)
                              obj\debug\src\dht22.o (__aeabi_i2f)
c:/program files (x86)/emblocks/2.30/share/em_armgcc/bin/../lib/gcc/arm-none-eabi/4.7.3/armv6-m\libgcc.a(floatunsisf.o)
                              obj\debug\src\dht22.o (__aeabi_ui2f)
c:/program files (x86)/emblocks/2.30/share/em_armgcc/bin/../lib/gcc/arm-none-eabi/4.7.3/armv6-m\libgcc.a(_clzsi2.o)
                              c:/program files (x86)/emblocks/2.30/share/em_armgcc/bin/../lib/gcc/arm-none-eabi/4.7.3/armv6-m\libgcc.a(addsf3.o) (__clzsi2)
c:/program files (x86)/emblocks/2.30/share/em_armgcc/bin/../lib/gcc/arm-none-eabi/4.7.3/../../../../arm-none-eabi/lib/armv6-m\libc_n.a(lib_a-exit.o)
                              c:/program files (x86)/emblocks/2.30/share/em_armgcc/bin/../lib/gcc/arm-none-eabi/4.7.3/../../../../arm-none-eabi/lib/armv6-m/crt0.o (exit)
c:/program files (x86)/emblocks/2.30/share/em_armgcc/bin/../lib/gcc/arm-none-eabi/4.7.3/../../../../arm-none-eabi/lib/armv6-m\libc_n.a(lib_a-impure.o)
                              c:/program files (x86)/emblocks/2.30/share/em_armgcc/bin/../lib/gcc/arm-none-eabi/4.7.3/../../../../arm-none-eabi/lib/armv6-m\libc_n.a(lib_a-exit.o) (_global_impure_ptr)
c:/program files (x86)/emblocks/2.30/share/em_armgcc/bin/../lib/gcc/arm-none-eabi/4.7.3/../../../../arm-none-eabi/lib/armv6-m\libc_n.a(lib_a-init.o)
                              c:/program files (x86)/emblocks/2.30/share/em_armgcc/bin/../lib/gcc/arm-none-eabi/4.7.3/../../../../arm-none-eabi/lib/armv6-m/crt0.o (__libc_init_array)
c:/program files (x86)/emblocks/2.30/share/em_armgcc/bin/../lib/gcc/arm-none-eabi/4.7.3/../../../../arm-none-eabi/lib/armv6-m\libc_n.a(lib_a-memcpy-stub.o)
                              obj\debug\src\main.o (memcpy)
c:/program files (x86)/emblocks/2.30/share/em_armgcc/bin/../lib/gcc/arm-none-eabi/4.7.3/../../../../arm-none-eabi/lib/armv6-m\libc_n.a(lib_a-memset.o)
                              c:/program files (x86)/emblocks/2.30/share/em_armgcc/bin/../lib/gcc/arm-none-eabi/4.7.3/../../../../arm-none-eabi/lib/armv6-m/crt0.o (memset)
c:/program files (x86)/emblocks/2.30/share/em_armgcc/bin/../lib/gcc/arm-none-eabi/4.7.3/../../../../arm-none-eabi/lib/armv6-m\libc_n.a(lib_a-sprintf.o)
                              obj\debug\src\main.o (sprintf)
c:/program files (x86)/emblocks/2.30/share/em_armgcc/bin/../lib/gcc/arm-none-eabi/4.7.3/../../../../arm-none-eabi/lib/armv6-m\libc_n.a(lib_a-svfprintf.o)
                              c:/program files (x86)/emblocks/2.30/share/em_armgcc/bin/../lib/gcc/arm-none-eabi/4.7.3/../../../../arm-none-eabi/lib/armv6-m\libc_n.a(lib_a-sprintf.o) (_svfprintf_r)
c:/program files (x86)/emblocks/2.30/share/em_armgcc/bin/../lib/gcc/arm-none-eabi/4.7.3/../../../../arm-none-eabi/lib/armv6-m\libc_n.a(lib_a-vfprintf_i.o)
                              c:/program files (x86)/emblocks/2.30/share/em_armgcc/bin/../lib/gcc/arm-none-eabi/4.7.3/../../../../arm-none-eabi/lib/armv6-m\libc_n.a(lib_a-svfprintf.o) (_printf_i)
c:/program files (x86)/emblocks/2.30/share/em_armgcc/bin/../lib/gcc/arm-none-eabi/4.7.3/../../../../arm-none-eabi/lib/armv6-m\libc_n.a(lib_a-memchr-stub.o)
                              c:/program files (x86)/emblocks/2.30/share/em_armgcc/bin/../lib/gcc/arm-none-eabi/4.7.3/../../../../arm-none-eabi/lib/armv6-m\libc_n.a(lib_a-svfprintf.o) (memchr)
c:/program files (x86)/emblocks/2.30/share/em_armgcc/bin/../lib/gcc/arm-none-eabi/4.7.3/../../../../arm-none-eabi/lib/armv6-m\libc_n.a(lib_a-memmove.o)
[...]
Memory Configuration

Name             Origin             Length             Attributes
ROM              0x08000000         0x00004000         xr
RAM              0x20000000         0x00001000         xrw
*default*        0x00000000         0xffffffff

Linker script and memory map

LOAD c:/program files (x86)/emblocks/2.30/share/em_armgcc/bin/../lib/gcc/arm-none-eabi/4.7.3/armv6-m/crti.o
LOAD c:/program files (x86)/emblocks/2.30/share/em_armgcc/bin/../lib/gcc/arm-none-eabi/4.7.3/armv6-m/crtbegin.o
LOAD c:/program files (x86)/emblocks/2.30/share/em_armgcc/bin/../lib/gcc/arm-none-eabi/4.7.3/../../../../arm-none-eabi/lib/armv6-m/crt0.o
                0x00000000                __HEAP_SIZE = 0x0
                0x00000100                __STACK_SIZE = 0x100

.text           0x08000000     0x3bb4
 *(.isr_vector)
 .isr_vector    0x08000000       0xc4 obj\debug\src\startup_stm32f0xx.o
                0x08000000                __isr_vector
 *(.text*)
 .text          0x080000c4       0x60 c:/program files (x86)/emblocks/2.30/share/em_armgcc/bin/../lib/gcc/arm-none-eabi/4.7.3/armv6-m/crtbegin.o
 .text          0x08000124       0x78 c:/program files (x86)/emblocks/2.30/share/em_armgcc/bin/../lib/gcc/arm-none-eabi/4.7.3/../../../../arm-none-eabi/lib/armv6-m/crt0.o
                0x08000124                _start
                0x08000124                _mainCRTStartup
 .text.EXTI_Init
                0x0800019c       0xd8 obj\debug\spl\src\stm32f0xx_exti.o
                0x0800019c                EXTI_Init
 .text.EXTI_GetITStatus
                0x08000274       0x40 obj\debug\spl\src\stm32f0xx_exti.o
                0x08000274                EXTI_GetITStatus
 .text.EXTI_ClearITPendingBit
                0x080002b4       0x18 obj\debug\spl\src\stm32f0xx_exti.o
                0x080002b4                EXTI_ClearITPendingBit
 .text.GPIO_Init
                0x080002cc      0x138 obj\debug\spl\src\stm32f0xx_gpio.o
                0x080002cc                GPIO_Init
 .text.GPIO_ReadInputDataBit
                0x08000404       0x48 obj\debug\spl\src\stm32f0xx_gpio.o
                0x08000404                GPIO_ReadInputDataBit
 .text.GPIO_SetBits
                0x0800044c       0x1c obj\debug\spl\src\stm32f0xx_gpio.o
                0x0800044c                GPIO_SetBits
 .text.GPIO_ResetBits
                0x08000468       0x1c obj\debug\spl\src\stm32f0xx_gpio.o
                0x08000468                GPIO_ResetBits
 .text.NVIC_Init
                0x08000484       0xac obj\debug\spl\src\stm32f0xx_misc.o
                0x08000484                NVIC_Init
 .text.PWR_BackupAccessCmd
                0x08000530       0x40 obj\debug\spl\src\stm32f0xx_pwr.o
                0x08000530                PWR_BackupAccessCmd
 .text.RCC_LSEConfig
                0x08000570       0x38 obj\debug\spl\src\stm32f0xx_rcc.o
                0x08000570                RCC_LSEConfig
 .text.RCC_RTCCLKConfig
                0x080005a8       0x20 obj\debug\spl\src\stm32f0xx_rcc.o
                0x080005a8                RCC_RTCCLKConfig
 .text.RCC_RTCCLKCmd
                0x080005c8       0x40 obj\debug\spl\src\stm32f0xx_rcc.o
                0x080005c8                RCC_RTCCLKCmd
 .text.RCC_BackupResetCmd
                0x08000608       0x40 obj\debug\spl\src\stm32f0xx_rcc.o
                0x08000608                RCC_BackupResetCmd
 .text.RCC_AHBPeriphClockCmd
                0x08000648       0x3c obj\debug\spl\src\stm32f0xx_rcc.o
                0x08000648                RCC_AHBPeriphClockCmd
 .text.RCC_APB2PeriphClockCmd
                0x08000684       0x3c obj\debug\spl\src\stm32f0xx_rcc.o
                0x08000684                RCC_APB2PeriphClockCmd
 .text.RCC_APB1PeriphClockCmd
                0x080006c0       0x3c obj\debug\spl\src\stm32f0xx_rcc.o
                0x080006c0                RCC_APB1PeriphClockCmd
 .text.RCC_GetFlagStatus
                0x080006fc       0x90 obj\debug\spl\src\stm32f0xx_rcc.o
                0x080006fc                RCC_GetFlagStatus
 .text.RTC_Init
                0x0800078c       0x84 obj\debug\spl\src\stm32f0xx_rtc.o
                0x0800078c                RTC_Init
 .text.RTC_StructInit
                0x08000810       0x20 obj\debug\spl\src\stm32f0xx_rtc.o
                0x08000810                RTC_StructInit
 .text.RTC_WriteProtectionCmd
                0x08000830       0x34 obj\debug\spl\src\stm32f0xx_rtc.o
                0x08000830                RTC_WriteProtectionCmd
 .text.RTC_EnterInitMode
                0x08000864       0x80 obj\debug\spl\src\stm32f0xx_rtc.o
                0x08000864                RTC_EnterInitMode
 .text.RTC_ExitInitMode
                0x080008e4       0x18 obj\debug\spl\src\stm32f0xx_rtc.o
                0x080008e4                RTC_ExitInitMode
 .text.RTC_WaitForSynchro
                0x080008fc       0x98 obj\debug\spl\src\stm32f0xx_rtc.o
                0x080008fc                RTC_WaitForSynchro
 .text.RTC_SetTime
                0x08000994      0x124 obj\debug\spl\src\stm32f0xx_rtc.o
                0x08000994                RTC_SetTime
 .text.RTC_GetTime
                0x08000ab8       0xa0 obj\debug\spl\src\stm32f0xx_rtc.o
                0x08000ab8                RTC_GetTime
 .text.RTC_SetDate
                0x08000b58      0x130 obj\debug\spl\src\stm32f0xx_rtc.o
                0x08000b58                RTC_SetDate
 .text.RTC_SetAlarm
                0x08000c88      0x124 obj\debug\spl\src\stm32f0xx_rtc.o
                0x08000c88                RTC_SetAlarm
 .text.RTC_AlarmCmd
                0x08000dac       0xb0 obj\debug\spl\src\stm32f0xx_rtc.o
                0x08000dac                RTC_AlarmCmd
 .text.RTC_WriteBackupRegister
                0x08000e5c       0x2c obj\debug\spl\src\stm32f0xx_rtc.o
                0x08000e5c                RTC_WriteBackupRegister
 .text.RTC_ReadBackupRegister
                0x08000e88       0x2c obj\debug\spl\src\stm32f0xx_rtc.o
                0x08000e88                RTC_ReadBackupRegister
 .text.RTC_ITConfig
                0x08000eb4       0x78 obj\debug\spl\src\stm32f0xx_rtc.o
                0x08000eb4                RTC_ITConfig
 .text.RTC_GetITStatus
                0x08000f2c       0x80 obj\debug\spl\src\stm32f0xx_rtc.o
                0x08000f2c                RTC_GetITStatus
 .text.RTC_ClearITPendingBit
                0x08000fac       0x38 obj\debug\spl\src\stm32f0xx_rtc.o
                0x08000fac                RTC_ClearITPendingBit
 .text.RTC_ByteToBcd2
                0x08000fe4       0x50 obj\debug\spl\src\stm32f0xx_rtc.o
 .text.RTC_Bcd2ToByte
                0x08001034       0x48 obj\debug\spl\src\stm32f0xx_rtc.o
 .text.SYSCFG_EXTILineConfig
                0x0800107c       0x90 obj\debug\spl\src\stm32f0xx_syscfg.o
                0x0800107c                SYSCFG_EXTILineConfig
 .text.TIM_TimeBaseInit
                0x0800110c       0xf0 obj\debug\spl\src\stm32f0xx_tim.o
                0x0800110c                TIM_TimeBaseInit
 .text.TIM_TimeBaseStructInit
                0x080011fc       0x30 obj\debug\spl\src\stm32f0xx_tim.o
                0x080011fc                TIM_TimeBaseStructInit
 .text.TIM_SetCounter
                0x0800122c       0x18 obj\debug\spl\src\stm32f0xx_tim.o
                0x0800122c                TIM_SetCounter
 .text.TIM_GetCounter
                0x08001244       0x14 obj\debug\spl\src\stm32f0xx_tim.o
                0x08001244                TIM_GetCounter
 .text.TIM_Cmd  0x08001258       0x40 obj\debug\spl\src\stm32f0xx_tim.o
                0x08001258                TIM_Cmd
 .text.TIM_OCStructInit
                0x08001298       0x40 obj\debug\spl\src\stm32f0xx_tim.o
                0x08001298                TIM_OCStructInit
 .text.DHT22TimerInit
                0x080012d8       0x94 obj\debug\src\dht22.o
                0x080012d8                DHT22TimerInit
 .text.DHT22pinIn
                0x0800136c       0x3c obj\debug\src\dht22.o
                0x0800136c                DHT22pinIn
 .text.DHT22pinOut
                0x080013a8       0x3c obj\debug\src\dht22.o
                0x080013a8                DHT22pinOut
 .text.DHT22_Read
                0x080013e4      0x180 obj\debug\src\dht22.o
                0x080013e4                DHT22_Read
 .text.DHT22getTemperature
                0x08001564       0x84 obj\debug\src\dht22.o
                0x08001564                DHT22getTemperature
 .text.init_TIM4
                0x080015e8       0x64 obj\debug\src\essentials.o
                0x080015e8                init_TIM4
 .text.init_nvic_tim4
                0x0800164c        0x8 obj\debug\src\essentials.o
                0x0800164c                init_nvic_tim4
 .text.delay    0x08001654       0x1c obj\debug\src\essentials.o
                0x08001654                delay
 .text.delay_micro
                0x08001670       0x34 obj\debug\src\essentials.o
                0x08001670                delay_micro
 .text.millis   0x080016a4       0x24 obj\debug\src\essentials.o
                0x080016a4                millis
 .text.init_essentials_time
                0x080016c8       0x10 obj\debug\src\essentials.o
                0x080016c8                init_essentials_time
 .text.EXTI4_15_IRQHandler
                0x080016d8       0xe8 obj\debug\src\main.o
                0x080016d8                EXTI4_15_IRQHandler
 .text.RTC_IRQHandler
                0x080017c0       0x38 obj\debug\src\main.o
                0x080017c0                RTC_IRQHandler
 .text.blankTube
                0x080017f8      0x1a4 obj\debug\src\main.o
                0x080017f8                blankTube
 .text.displayNumber
                0x0800199c      0x240 obj\debug\src\main.o
                0x0800199c                displayNumber
 .text.numbericInput
                0x08001bdc      0x198 obj\debug\src\main.o
                0x08001bdc                numbericInput
 .text.initRTC  0x08001d74       0x7c obj\debug\src\main.o
                0x08001d74                initRTC
 .text.setRTC   0x08001df0       0x70 obj\debug\src\main.o
                0x08001df0                setRTC
 .text.initRTCAlarm
                0x08001e60       0xbc obj\debug\src\main.o
                0x08001e60                initRTCAlarm
 .text.setAutoPower
                0x08001f1c       0xb4 obj\debug\src\main.o
                0x08001f1c                setAutoPower
 .text.initButtons
                0x08001fd0       0xac obj\debug\src\main.o
                0x08001fd0                initButtons
 .text.main     0x0800207c      0x4a4 obj\debug\src\main.o
                0x0800207c                main
 .text          0x08002520       0xa0 obj\debug\src\startup_stm32f0xx.o
                0x08002520                Reset_Handler
                0x0800256a                NMI_Handler
                0x0800256c                HardFault_Handler
                0x0800256e                SVC_Handler
                0x08002570                PendSV_Handler
                0x08002572                SysTick_Handler
                0x08002574                Default_Handler
                0x08002576                WWDG_IRQHandler
                0x08002578                PVD_IRQHandler
                0x0800257c                FLASH_IRQHandler
                0x0800257e                RCC_IRQHandler
                0x08002580                EXTI0_1_IRQHandler
                0x08002582                EXTI2_3_IRQHandler
                0x08002586                TS_IRQHandler
                0x08002588                DMA1_Channel1_IRQHandler
                0x0800258a                DMA1_Channel2_3_IRQHandler
                0x0800258c                DMA1_Channel4_5_IRQHandler
                0x0800258e                ADC1_COMP_IRQHandler
                0x08002590                TIM1_BRK_UP_TRG_COM_IRQHandler
                0x08002592                TIM1_CC_IRQHandler
                0x08002594                TIM2_IRQHandler
                0x08002596                TIM3_IRQHandler
                0x08002598                TIM6_DAC_IRQHandler
                0x0800259a                TIM7_IRQHandler
                0x0800259c                TIM14_IRQHandler
                0x0800259e                TIM15_IRQHandler
                0x080025a0                TIM16_IRQHandler
                0x080025a2                TIM17_IRQHandler
                0x080025a4                I2C1_IRQHandler
                0x080025a6                I2C2_IRQHandler
                0x080025a8                SPI1_IRQHandler
                0x080025aa                SPI2_IRQHandler
                0x080025ac                USART1_IRQHandler
                0x080025ae                USART2_IRQHandler
                0x080025b0                USART3_4_IRQHandler
                0x080025b2                CEC_IRQHandler
                0x080025b4                USB_IRQHandler
                0x080025b6                BootRAM
 .text.SystemInit
                0x080025c0       0x8c obj\debug\src\system_stm32f0xx.o
                0x080025c0                SystemInit
 .text.SetSysClock
                0x0800264c       0x28 obj\debug\src\system_stm32f0xx.o
 .text          0x08002674       0x9c c:/program files (x86)/emblocks/2.30/share/em_armgcc/bin/../lib/gcc/arm-none-eabi/4.7.3/armv6-m\libgcc.a(_udivsi3.o)
                0x08002674                __aeabi_uidiv
                0x08002674                __udivsi3
                0x080026fc                __aeabi_uidivmod
 .text          0x08002710        0x4 c:/program files (x86)/emblocks/2.30/share/em_armgcc/bin/../lib/gcc/arm-none-eabi/4.7.3/armv6-m\libgcc.a(_dvmd_tls.o)
                0x08002710                __aeabi_idiv0
                0x08002710                __aeabi_ldiv0
 .text          0x08002714      0x3b8 c:/program files (x86)/emblocks/2.30/share/em_armgcc/bin/../lib/gcc/arm-none-eabi/4.7.3/armv6-m\libgcc.a(addsf3.o)
                0x08002714                __aeabi_fadd
 .text          0x08002acc      0x230 c:/program files (x86)/emblocks/2.30/share/em_armgcc/bin/../lib/gcc/arm-none-eabi/4.7.3/armv6-m\libgcc.a(divsf3.o)
                0x08002acc                __aeabi_fdiv
 .text          0x08002cfc      0x268 c:/program files (x86)/emblocks/2.30/share/em_armgcc/bin/../lib/gcc/arm-none-eabi/4.7.3/armv6-m\libgcc.a(mulsf3.o)
                0x08002cfc                __aeabi_fmul
 .text          0x08002f64       0x40 c:/program files (x86)/emblocks/2.30/share/em_armgcc/bin/../lib/gcc/arm-none-eabi/4.7.3/armv6-m\libgcc.a(fixsfsi.o)
                0x08002f64                __aeabi_f2iz
 .text          0x08002fa4       0xac c:/program files (x86)/emblocks/2.30/share/em_armgcc/bin/../lib/gcc/arm-none-eabi/4.7.3/armv6-m\libgcc.a(floatsisf.o)
                0x08002fa4                __aeabi_i2f
 .text          0x08003050       0xb0 c:/program files (x86)/emblocks/2.30/share/em_armgcc/bin/../lib/gcc/arm-none-eabi/4.7.3/armv6-m\libgcc.a(floatunsisf.o)
                0x08003050                __aeabi_ui2f
 .text          0x08003100       0x3c c:/program files (x86)/emblocks/2.30/share/em_armgcc/bin/../lib/gcc/arm-none-eabi/4.7.3/armv6-m\libgcc.a(_clzsi2.o)
                0x08003100                __clzsi2
 .text.exit     0x0800313c       0x2c c:/program files (x86)/emblocks/2.30/share/em_armgcc/bin/../lib/gcc/arm-none-eabi/4.7.3/../../../../arm-none-eabi/lib/armv6-m\libc_n.a(lib_a-exit.o)
                0x0800313c                exit
 .text.__libc_init_array
                0x08003168       0x4c c:/program files (x86)/emblocks/2.30/share/em_armgcc/bin/../lib/gcc/arm-none-eabi/4.7.3/../../../../arm-none-eabi/lib/armv6-m\libc_n.a(lib_a-init.o)
                0x08003168                __libc_init_array
 .text.memcpy   0x080031b4       0x12 c:/program files (x86)/emblocks/2.30/share/em_armgcc/bin/../lib/gcc/arm-none-eabi/4.7.3/../../../../arm-none-eabi/lib/armv6-m\libc_n.a(lib_a-memcpy-stub.o)
                0x080031b4                memcpy
 .text.memset   0x080031c6       0x12 c:/program files (x86)/emblocks/2.30/share/em_armgcc/bin/../lib/gcc/arm-none-eabi/4.7.3/../../../../arm-none-eabi/lib/armv6-m\libc_n.a(lib_a-memset.o)
                0x080031c6                memset
 .text.sprintf  0x080031d8       0x44 c:/program files (x86)/emblocks/2.30/share/em_armgcc/bin/../lib/gcc/arm-none-eabi/4.7.3/../../../../arm-none-eabi/lib/armv6-m\libc_n.a(lib_a-sprintf.o)
                0x080031d8                siprintf
                0x080031d8                sprintf
 .text.__ssputs_r
                0x0800321c       0xc8 c:/program files (x86)/emblocks/2.30/share/em_armgcc/bin/../lib/gcc/arm-none-eabi/4.7.3/../../../../arm-none-eabi/lib/armv6-m\libc_n.a(lib_a-svfprintf.o)
                0x0800321c                __ssputs_r
 .text._svfprintf_r
                0x080032e4      0x1e8 c:/program files (x86)/emblocks/2.30/share/em_armgcc/bin/../lib/gcc/arm-none-eabi/4.7.3/../../../../arm-none-eabi/lib/armv6-m\libc_n.a(lib_a-svfprintf.o)
                0x080032e4                _svfiprintf_r
                0x080032e4                _svfprintf_r
 .text._printf_common
                0x080034cc       0xe6 c:/program files (x86)/emblocks/2.30/share/em_armgcc/bin/../lib/gcc/arm-none-eabi/4.7.3/../../../../arm-none-eabi/lib/armv6-m\libc_n.a(lib_a-vfprintf_i.o)
                0x080034cc                _printf_common
 *fill*         0x080035b2        0x2 
 .text._printf_i
                0x080035b4      0x248 c:/program files (x86)/emblocks/2.30/share/em_armgcc/bin/../lib/gcc/arm-none-eabi/4.7.3/../../../../arm-none-eabi/lib/armv6-m\libc_n.a(lib_a-vfprintf_i.o)
                0x080035b4                _printf_i
 .text.memchr   0x080037fc       0x18 c:/program files (x86)/emblocks/2.30/share/em_armgcc/bin/../lib/gcc/arm-none-eabi/4.7.3/../../../../arm-none-eabi/lib/armv6-m\libc_n.a(lib_a-memchr-stub.o)
                0x080037fc                memchr
 .text.memmove  0x08003814       0x30 c:/program files (x86)/emblocks/2.30/share/em_armgcc/bin/../lib/gcc/arm-none-eabi/4.7.3/../../../../arm-none-eabi/lib/armv6-m\libc_n.a(lib_a-memmove.o)
                0x08003814                memmove
 .text._free_r  0x08003844       0x9c c:/program files (x86)/emblocks/2.30/share/em_armgcc/bin/../lib/gcc/arm-none-eabi/4.7.3/../../../../arm-none-eabi/lib/armv6-m\libc_n.a(lib_a-nano-freer.o)
                0x08003844                _free_r
 .text._malloc_r
                0x080038e0       0xb0 c:/program files (x86)/emblocks/2.30/share/em_armgcc/bin/../lib/gcc/arm-none-eabi/4.7.3/../../../../arm-none-eabi/lib/armv6-m\libc_n.a(lib_a-nano-mallocr.o)
                0x080038e0                _malloc_r
 .text._realloc_r
                0x08003990       0x4e c:/program files (x86)/emblocks/2.30/share/em_armgcc/bin/../lib/gcc/arm-none-eabi/4.7.3/../../../../arm-none-eabi/lib/armv6-m\libc_n.a(lib_a-nano-reallocr.o)
                0x08003990                _realloc_r
 *fill*         0x080039de        0x2 
 .text._sbrk_r  0x080039e0       0x24 c:/program files (x86)/emblocks/2.30/share/em_armgcc/bin/../lib/gcc/arm-none-eabi/4.7.3/../../../../arm-none-eabi/lib/armv6-m\libc_n.a(lib_a-sbrkr.o)
                0x080039e0                _sbrk_r
 .text.strlen   0x08003a04        0xe c:/program files (x86)/emblocks/2.30/share/em_armgcc/bin/../lib/gcc/arm-none-eabi/4.7.3/../../../../arm-none-eabi/lib/armv6-m\libc_n.a(lib_a-strlen.o)
                0x08003a04                strlen
 .text._malloc_usable_size_r
                0x08003a12       0x14 c:/program files (x86)/emblocks/2.30/share/em_armgcc/bin/../lib/gcc/arm-none-eabi/4.7.3/../../../../arm-none-eabi/lib/armv6-m\libc_n.a(lib_a-nano-msizer.o)
                0x08003a12                _malloc_usable_size_r
 *fill*         0x08003a26        0x2 
 .text._sbrk    0x08003a28       0x38 c:/program files (x86)/emblocks/2.30/share/em_armgcc/bin/../lib/gcc/arm-none-eabi/4.7.3/../../../../arm-none-eabi/lib/armv6-m\libnosys.a(sbrk.o)
                0x08003a28                _sbrk
 .text._exit    0x08003a60        0x4 c:/program files (x86)/emblocks/2.30/share/em_armgcc/bin/../lib/gcc/arm-none-eabi/4.7.3/../../../../arm-none-eabi/lib/armv6-m\libnosys.a(_exit.o)
                0x08003a60                _exit
 *(.init)
 .init          0x08003a64        0x4 c:/program files (x86)/emblocks/2.30/share/em_armgcc/bin/../lib/gcc/arm-none-eabi/4.7.3/armv6-m/crti.o
                0x08003a64                _init
 .init          0x08003a68        0x8 c:/program files (x86)/emblocks/2.30/share/em_armgcc/bin/../lib/gcc/arm-none-eabi/4.7.3/armv6-m/crtn.o
 *(.fini)
 .fini          0x08003a70        0x4 c:/program files (x86)/emblocks/2.30/share/em_armgcc/bin/../lib/gcc/arm-none-eabi/4.7.3/armv6-m/crti.o
                0x08003a70                _fini
 .fini          0x08003a74        0x8 c:/program files (x86)/emblocks/2.30/share/em_armgcc/bin/../lib/gcc/arm-none-eabi/4.7.3/armv6-m/crtn.o
 *crtbegin.o(.ctors)
 *crtbegin?.o(.ctors)
 *(EXCLUDE_FILE(*crtend.o *crtend?.o) .ctors)
 *(SORT(.ctors.*))
 *(.ctors)
 *crtbegin.o(.dtors)
 *crtbegin?.o(.dtors)
 *(EXCLUDE_FILE(*crtend.o *crtend?.o) .dtors)
 *(SORT(.dtors.*))
 *(.dtors)
 *(.rodata*)
 .rodata.displayNumber
                0x08003a7c       0x68 obj\debug\src\main.o
 .rodata        0x08003ae4       0x10 obj\debug\src\main.o
 .rodata        0x08003af4       0x40 c:/program files (x86)/emblocks/2.30/share/em_armgcc/bin/../lib/gcc/arm-none-eabi/4.7.3/armv6-m\libgcc.a(divsf3.o)
 .rodata        0x08003b34       0x40 c:/program files (x86)/emblocks/2.30/share/em_armgcc/bin/../lib/gcc/arm-none-eabi/4.7.3/armv6-m\libgcc.a(mulsf3.o)
 .rodata.str1.1
                0x08003b74        0x2 c:/program files (x86)/emblocks/2.30/share/em_armgcc/bin/../lib/gcc/arm-none-eabi/4.7.3/../../../../arm-none-eabi/lib/armv6-m\libc_n.a(lib_a-impure.o)
 *fill*         0x08003b76        0x2 
 .rodata._global_impure_ptr
                0x08003b78        0x4 c:/program files (x86)/emblocks/2.30/share/em_armgcc/bin/../lib/gcc/arm-none-eabi/4.7.3/../../../../arm-none-eabi/lib/armv6-m\libc_n.a(lib_a-impure.o)
                0x08003b78                _global_impure_ptr
 .rodata.str1.1
                0x08003b7c       0x11 c:/program files (x86)/emblocks/2.30/share/em_armgcc/bin/../lib/gcc/arm-none-eabi/4.7.3/../../../../arm-none-eabi/lib/armv6-m\libc_n.a(lib_a-svfprintf.o)
 .rodata.str1.1
                0x08003b8d       0x22 c:/program files (x86)/emblocks/2.30/share/em_armgcc/bin/../lib/gcc/arm-none-eabi/4.7.3/../../../../arm-none-eabi/lib/armv6-m\libc_n.a(lib_a-vfprintf_i.o)
 *(.eh_frame*)
 *fill*         0x08003baf        0x1 
 .eh_frame      0x08003bb0        0x0 c:/program files (x86)/emblocks/2.30/share/em_armgcc/bin/../lib/gcc/arm-none-eabi/4.7.3/armv6-m/crtbegin.o
 .eh_frame      0x08003bb0        0x4 c:/program files (x86)/emblocks/2.30/share/em_armgcc/bin/../lib/gcc/arm-none-eabi/4.7.3/armv6-m/crtend.o

.glue_7         0x08003bb4        0x0
 .glue_7        0x00000000        0x0 linker stubs

.glue_7t        0x08003bb4        0x0
 .glue_7t       0x00000000        0x0 linker stubs

.vfp11_veneer   0x08003bb4        0x0
 .vfp11_veneer  0x00000000        0x0 linker stubs

.v4_bx          0x08003bb4        0x0
 .v4_bx         0x00000000        0x0 linker stubs

.iplt           0x08003bb4        0x0
 .iplt          0x00000000        0x0 c:/program files (x86)/emblocks/2.30/share/em_armgcc/bin/../lib/gcc/arm-none-eabi/4.7.3/armv6-m/crtbegin.o

.ARM.extab
 *(.ARM.extab* .gnu.linkonce.armextab.*)
                0x08003bb4                __exidx_start = .

.ARM.exidx      0x08003bb4        0x8
 *(.ARM.exidx* .gnu.linkonce.armexidx.*)
 .ARM.exidx     0x08003bb4        0x8 c:/program files (x86)/emblocks/2.30/share/em_armgcc/bin/../lib/gcc/arm-none-eabi/4.7.3/../../../../arm-none-eabi/lib/armv6-m/crt0.o
                0x08003bbc                __exidx_end = .
                0x08003bbc                __etext = .

.rel.dyn        0x08003bbc        0x0
 .rel.iplt      0x00000000        0x0 c:/program files (x86)/emblocks/2.30/share/em_armgcc/bin/../lib/gcc/arm-none-eabi/4.7.3/armv6-m/crtbegin.o

.data           0x20000000       0x70 load address 0x08003bbc
                0x20000000                __data_start__ = .
 *(vtable)
 *(.data*)
 .data.SystemCoreClock
                0x20000000        0x4 obj\debug\src\system_stm32f0xx.o
                0x20000000                SystemCoreClock
 .data.impure_data
                0x20000004       0x60 c:/program files (x86)/emblocks/2.30/share/em_armgcc/bin/../lib/gcc/arm-none-eabi/4.7.3/../../../../arm-none-eabi/lib/armv6-m\libc_n.a(lib_a-impure.o)
 .data._impure_ptr
                0x20000064        0x4 c:/program files (x86)/emblocks/2.30/share/em_armgcc/bin/../lib/gcc/arm-none-eabi/4.7.3/../../../../arm-none-eabi/lib/armv6-m\libc_n.a(lib_a-impure.o)
                0x20000064                _impure_ptr
                0x20000068                . = ALIGN (0x4)
                0x20000068                PROVIDE (__preinit_array_start, .)
 *(.preinit_array)
                0x20000068                PROVIDE (__preinit_array_end, .)
                0x20000068                . = ALIGN (0x4)
                0x20000068                PROVIDE (__init_array_start, .)
 *(SORT(.init_array.*))
 *(.init_array)
 .init_array    0x20000068        0x4 c:/program files (x86)/emblocks/2.30/share/em_armgcc/bin/../lib/gcc/arm-none-eabi/4.7.3/armv6-m/crtbegin.o
                0x2000006c                PROVIDE (__init_array_end, .)
                0x2000006c                . = ALIGN (0x4)
                0x2000006c                PROVIDE (__fini_array_start, .)
 *(SORT(.fini_array.*))
 *(.fini_array)
 .fini_array    0x2000006c        0x4 c:/program files (x86)/emblocks/2.30/share/em_armgcc/bin/../lib/gcc/arm-none-eabi/4.7.3/armv6-m/crtbegin.o
                0x20000070                PROVIDE (__fini_array_end, .)
                0x20000070                . = ALIGN (0x4)
                0x20000070                __data_end__ = .

.jcr            0x20000070        0x0 load address 0x08003c2c
 .jcr           0x20000070        0x0 c:/program files (x86)/emblocks/2.30/share/em_armgcc/bin/../lib/gcc/arm-none-eabi/4.7.3/armv6-m/crtbegin.o

.igot.plt       0x20000070        0x0 load address 0x08003c2c
 .igot.plt      0x00000000        0x0 c:/program files (x86)/emblocks/2.30/share/em_armgcc/bin/../lib/gcc/arm-none-eabi/4.7.3/armv6-m/crtbegin.o

.bss            0x20000070       0x68 load address 0x08003c2c
                0x20000070                __bss_start__ = .
 *(.bss*)
 .bss           0x20000070       0x1c c:/program files (x86)/emblocks/2.30/share/em_armgcc/bin/../lib/gcc/arm-none-eabi/4.7.3/armv6-m/crtbegin.o
 .bss.button1Flag
                0x2000008c        0x4 obj\debug\src\main.o
                0x2000008c                button1Flag
 .bss.button2Flag
                0x20000090        0x4 obj\debug\src\main.o
                0x20000090                button2Flag
 .bss.button3Flag
                0x20000094        0x4 obj\debug\src\main.o
                0x20000094                button3Flag
 .bss.button1PressStart
                0x20000098        0x4 obj\debug\src\main.o
                0x20000098                button1PressStart
 .bss.button2PressStart
                0x2000009c        0x4 obj\debug\src\main.o
                0x2000009c                button2PressStart
 .bss.button3PressStart
                0x200000a0        0x4 obj\debug\src\main.o
                0x200000a0                button3PressStart
 .bss.secondsPassed
                0x200000a4        0x4 obj\debug\src\main.o
                0x200000a4                secondsPassed
 .bss.state     0x200000a8        0x4 obj\debug\src\main.o
                0x200000a8                state
 .bss.__malloc_sbrk_start
                0x200000ac        0x4 c:/program files (x86)/emblocks/2.30/share/em_armgcc/bin/../lib/gcc/arm-none-eabi/4.7.3/../../../../arm-none-eabi/lib/armv6-m\libc_n.a(lib_a-nano-mallocr.o)
                0x200000ac                __malloc_sbrk_start
 .bss.__malloc_free_list
                0x200000b0        0x4 c:/program files (x86)/emblocks/2.30/share/em_armgcc/bin/../lib/gcc/arm-none-eabi/4.7.3/../../../../arm-none-eabi/lib/armv6-m\libc_n.a(lib_a-nano-mallocr.o)
                0x200000b0                __malloc_free_list
 .bss.heap_end.4240
                0x200000b4        0x4 c:/program files (x86)/emblocks/2.30/share/em_armgcc/bin/../lib/gcc/arm-none-eabi/4.7.3/../../../../arm-none-eabi/lib/armv6-m\libnosys.a(sbrk.o)
 *(COMMON)
 COMMON         0x200000b8        0x6 obj\debug\src\dht22.o
                0x200000b8                DHT22data
 *fill*         0x200000be        0x2 
 COMMON         0x200000c0       0x14 obj\debug\src\main.o
                0x200000c0                autoPowerOnEnabled
                0x200000c4                autoPowerOnMinutes
                0x200000c8                autoPowerOnHours
                0x200000cc                autoPowerOffHours
                0x200000d0                autoPowerOffMinutes
 COMMON         0x200000d4        0x4 c:/program files (x86)/emblocks/2.30/share/em_armgcc/bin/../lib/gcc/arm-none-eabi/4.7.3/../../../../arm-none-eabi/lib/armv6-m\libc_n.a(lib_a-reent.o)
                0x200000d4                errno
                0x200000d8                __bss_end__ = .

.heap           0x200000d8        0x0
                0x200000d8                __end__ = .
                0x200000d8                end = __end__
 *(.heap*)
 .heap          0x200000d8        0x0 obj\debug\src\startup_stm32f0xx.o
                0x200000d8                __HeapLimit = .

.stack_dummy    0x200000d8      0x100
 *(.stack)
 .stack         0x200000d8      0x100 obj\debug\src\startup_stm32f0xx.o
                0x20001000                __StackTop = (ORIGIN (RAM) + 0x1000)
                0x20000f00                __StackLimit = (__StackTop - SIZEOF (.stack_dummy))
                0x20001000                PROVIDE (__stack, __StackTop)
                0x00000001                ASSERT ((__StackLimit >= __HeapLimit), region RAM overflowed with stack)
LOAD obj\debug\spl\src\stm32f0xx_adc.o
LOAD obj\debug\spl\src\stm32f0xx_can.o
LOAD obj\debug\spl\src\stm32f0xx_cec.o
LOAD obj\debug\spl\src\stm32f0xx_comp.o
LOAD obj\debug\spl\src\stm32f0xx_crc.o
LOAD obj\debug\spl\src\stm32f0xx_crs.o
LOAD obj\debug\spl\src\stm32f0xx_dac.o
LOAD obj\debug\spl\src\stm32f0xx_dbgmcu.o
LOAD obj\debug\spl\src\stm32f0xx_dma.o
LOAD obj\debug\spl\src\stm32f0xx_exti.o
LOAD obj\debug\spl\src\stm32f0xx_flash.o
LOAD obj\debug\spl\src\stm32f0xx_gpio.o
LOAD obj\debug\spl\src\stm32f0xx_i2c.o
LOAD obj\debug\spl\src\stm32f0xx_iwdg.o
LOAD obj\debug\spl\src\stm32f0xx_misc.o
LOAD obj\debug\spl\src\stm32f0xx_pwr.o
LOAD obj\debug\spl\src\stm32f0xx_rcc.o
LOAD obj\debug\spl\src\stm32f0xx_rtc.o
LOAD obj\debug\spl\src\stm32f0xx_spi.o
LOAD obj\debug\spl\src\stm32f0xx_syscfg.o
LOAD obj\debug\spl\src\stm32f0xx_tim.o
LOAD obj\debug\spl\src\stm32f0xx_usart.o
LOAD obj\debug\spl\src\stm32f0xx_wwdg.o
LOAD obj\debug\src\dht22.o
LOAD obj\debug\src\essentials.o
LOAD obj\debug\src\main.o
LOAD obj\debug\src\startup_stm32f0xx.o
LOAD obj\debug\src\system_stm32f0xx.o
START GROUP
LOAD c:/program files (x86)/emblocks/2.30/share/em_armgcc/bin/../lib/gcc/arm-none-eabi/4.7.3/armv6-m\libgcc.a
LOAD c:/program files (x86)/emblocks/2.30/share/em_armgcc/bin/../lib/gcc/arm-none-eabi/4.7.3/../../../../arm-none-eabi/lib/armv6-m\libc_n.a
LOAD c:/program files (x86)/emblocks/2.30/share/em_armgcc/bin/../lib/gcc/arm-none-eabi/4.7.3/../../../../arm-none-eabi/lib/armv6-m\libg_n.a
LOAD c:/program files (x86)/emblocks/2.30/share/em_armgcc/bin/../lib/gcc/arm-none-eabi/4.7.3/../../../../arm-none-eabi/lib/armv6-m\libnosys.a
END GROUP
LOAD c:/program files (x86)/emblocks/2.30/share/em_armgcc/bin/../lib/gcc/arm-none-eabi/4.7.3/armv6-m/crtend.o
LOAD c:/program files (x86)/emblocks/2.30/share/em_armgcc/bin/../lib/gcc/arm-none-eabi/4.7.3/armv6-m/crtn.o
OUTPUT(bin\Debug\Nixius.elf elf32-littlearm)

.ARM.attributes
                0x00000000       0x28
 .ARM.attributes
                0x00000000       0x1e c:/program files (x86)/emblocks/2.30/share/em_armgcc/bin/../lib/gcc/arm-none-eabi/4.7.3/armv6-m/crti.o
 .ARM.attributes
                0x0000001e       0x2c c:/program files (x86)/emblocks/2.30/share/em_armgcc/bin/../lib/gcc/arm-none-eabi/4.7.3/armv6-m/crtbegin.o
 .ARM.attributes
                0x0000004a       0x1b c:/program files (x86)/emblocks/2.30/share/em_armgcc/bin/../lib/gcc/arm-none-eabi/4.7.3/../../../../arm-none-eabi/lib/armv6-m/crt0.o
 .ARM.attributes
                0x00000065       0x31 obj\debug\spl\src\stm32f0xx_exti.o
 .ARM.attributes
                0x00000096       0x31 obj\debug\spl\src\stm32f0xx_gpio.o
 .ARM.attributes
                0x000000c7       0x31 obj\debug\spl\src\stm32f0xx_misc.o
 .ARM.attributes
                0x000000f8       0x31 obj\debug\spl\src\stm32f0xx_pwr.o
 .ARM.attributes
                0x00000129       0x31 obj\debug\spl\src\stm32f0xx_rcc.o
 .ARM.attributes
                0x0000015a       0x31 obj\debug\spl\src\stm32f0xx_rtc.o
 .ARM.attributes
                0x0000018b       0x31 obj\debug\spl\src\stm32f0xx_syscfg.o
 .ARM.attributes
                0x000001bc       0x31 obj\debug\spl\src\stm32f0xx_tim.o
 .ARM.attributes
                0x000001ed       0x31 obj\debug\src\dht22.o
 .ARM.attributes
                0x0000021e       0x31 obj\debug\src\essentials.o
 .ARM.attributes
                0x0000024f       0x31 obj\debug\src\main.o
 .ARM.attributes
                0x00000280       0x1b obj\debug\src\startup_stm32f0xx.o
 .ARM.attributes
                0x0000029b       0x31 obj\debug\src\system_stm32f0xx.o
 .ARM.attributes
                0x000002cc       0x1e c:/program files (x86)/emblocks/2.30/share/em_armgcc/bin/../lib/gcc/arm-none-eabi/4.7.3/armv6-m\libgcc.a(_udivsi3.o)
 .ARM.attributes
                0x000002ea       0x1e c:/program files (x86)/emblocks/2.30/share/em_armgcc/bin/../lib/gcc/arm-none-eabi/4.7.3/armv6-m\libgcc.a(_dvmd_tls.o)
 .ARM.attributes
                0x00000308       0x2c c:/program files (x86)/emblocks/2.30/share/em_armgcc/bin/../lib/gcc/arm-none-eabi/4.7.3/armv6-m\libgcc.a(addsf3.o)
 .ARM.attributes
                0x00000334       0x2c c:/program files (x86)/emblocks/2.30/share/em_armgcc/bin/../lib/gcc/arm-none-eabi/4.7.3/armv6-m\libgcc.a(divsf3.o)
 .ARM.attributes
                0x00000360       0x2c c:/program files (x86)/emblocks/2.30/share/em_armgcc/bin/../lib/gcc/arm-none-eabi/4.7.3/armv6-m\libgcc.a(mulsf3.o)
 .ARM.attributes
                0x0000038c       0x2c c:/program files (x86)/emblocks/2.30/share/em_armgcc/bin/../lib/gcc/arm-none-eabi/4.7.3/armv6-m\libgcc.a(fixsfsi.o)
 .ARM.attributes
                0x000003b8       0x2c c:/program files (x86)/emblocks/2.30/share/em_armgcc/bin/../lib/gcc/arm-none-eabi/4.7.3/armv6-m\libgcc.a(floatsisf.o)
 .ARM.attributes
                0x000003e4       0x2c c:/program files (x86)/emblocks/2.30/share/em_armgcc/bin/../lib/gcc/arm-none-eabi/4.7.3/armv6-m\libgcc.a(floatunsisf.o)
 .ARM.attributes
                0x00000410       0x1e c:/program files (x86)/emblocks/2.30/share/em_armgcc/bin/../lib/gcc/arm-none-eabi/4.7.3/armv6-m\libgcc.a(_clzsi2.o)
 .ARM.attributes
                0x0000042e       0x2c c:/program files (x86)/emblocks/2.30/share/em_armgcc/bin/../lib/gcc/arm-none-eabi/4.7.3/../../../../arm-none-eabi/lib/armv6-m\libc_n.a(lib_a-exit.o)
 .ARM.attributes
                0x0000045a       0x2c c:/program files (x86)/emblocks/2.30/share/em_armgcc/bin/../lib/gcc/arm-none-eabi/4.7.3/../../../../arm-none-eabi/lib/armv6-m\libc_n.a(lib_a-impure.o)
 .ARM.attributes
                0x00000486       0x2c c:/program files (x86)/emblocks/2.30/share/em_armgcc/bin/../lib/gcc/arm-none-eabi/4.7.3/../../../../arm-none-eabi/lib/armv6-m\libc_n.a(lib_a-init.o)
 .ARM.attributes
                0x000004b2       0x2c c:/program files (x86)/emblocks/2.30/share/em_armgcc/bin/../lib/gcc/arm-none-eabi/4.7.3/../../../../arm-none-eabi/lib/armv6-m\libc_n.a(lib_a-memcpy-stub.o)
 .ARM.attributes
                0x000004de       0x2c c:/program files (x86)/emblocks/2.30/share/em_armgcc/bin/../lib/gcc/arm-none-eabi/4.7.3/../../../../arm-none-eabi/lib/armv6-m\libc_n.a(lib_a-memset.o)
 .ARM.attributes
                0x0000050a       0x2c c:/program files (x86)/emblocks/2.30/share/em_armgcc/bin/../lib/gcc/arm-none-eabi/4.7.3/../../../../arm-none-eabi/lib/armv6-m\libc_n.a(lib_a-sprintf.o)
 .ARM.attributes
                0x00000536       0x2c c:/program files (x86)/emblocks/2.30/share/em_armgcc/bin/../lib/gcc/arm-none-eabi/4.7.3/../../../../arm-none-eabi/lib/armv6-m\libc_n.a(lib_a-svfprintf.o)
 .ARM.attributes
                0x00000562       0x2c c:/program files (x86)/emblocks/2.30/share/em_armgcc/bin/../lib/gcc/arm-none-eabi/4.7.3/../../../../arm-none-eabi/lib/armv6-m\libc_n.a(lib_a-vfprintf_i.o)
 .ARM.attributes
                0x0000058e       0x2c c:/program files (x86)/emblocks/2.30/share/em_armgcc/bin/../lib/gcc/arm-none-eabi/4.7.3/../../../../arm-none-eabi/lib/armv6-m\libc_n.a(lib_a-memchr-stub.o)
 .ARM.attributes
                0x000005ba       0x2c c:/program files (x86)/emblocks/2.30/share/em_armgcc/bin/../lib/gcc/arm-none-eabi/4.7.3/../../../../arm-none-eabi/lib/armv6-m\libc_n.a(lib_a-memmove.o)
 .ARM.attributes
                0x000005e6       0x2c c:/program files (x86)/emblocks/2.30/share/em_armgcc/bin/../lib/gcc/arm-none-eabi/4.7.3/../../../../arm-none-eabi/lib/armv6-m\libc_n.a(lib_a-nano-freer.o)
 .ARM.attributes
                0x00000612       0x2c c:/program files (x86)/emblocks/2.30/share/em_armgcc/bin/../lib/gcc/arm-none-eabi/4.7.3/../../../../arm-none-eabi/lib/armv6-m\libc_n.a(lib_a-nano-mallocr.o)
 .ARM.attributes
                0x0000063e       0x2c c:/program files (x86)/emblocks/2.30/share/em_armgcc/bin/../lib/gcc/arm-none-eabi/4.7.3/../../../../arm-none-eabi/lib/armv6-m\libc_n.a(lib_a-nano-reallocr.o)
 .ARM.attributes
                0x0000066a       0x2c c:/program files (x86)/emblocks/2.30/share/em_armgcc/bin/../lib/gcc/arm-none-eabi/4.7.3/../../../../arm-none-eabi/lib/armv6-m\libc_n.a(lib_a-sbrkr.o)
 .ARM.attributes
                0x00000696       0x2c c:/program files (x86)/emblocks/2.30/share/em_armgcc/bin/../lib/gcc/arm-none-eabi/4.7.3/../../../../arm-none-eabi/lib/armv6-m\libc_n.a(lib_a-strlen.o)
 .ARM.attributes
                0x000006c2       0x2c c:/program files (x86)/emblocks/2.30/share/em_armgcc/bin/../lib/gcc/arm-none-eabi/4.7.3/../../../../arm-none-eabi/lib/armv6-m\libc_n.a(lib_a-nano-msizer.o)
 .ARM.attributes
                0x000006ee       0x2c c:/program files (x86)/emblocks/2.30/share/em_armgcc/bin/../lib/gcc/arm-none-eabi/4.7.3/../../../../arm-none-eabi/lib/armv6-m\libc_n.a(lib_a-reent.o)
 .ARM.attributes
                0x0000071a       0x2c c:/program files (x86)/emblocks/2.30/share/em_armgcc/bin/../lib/gcc/arm-none-eabi/4.7.3/../../../../arm-none-eabi/lib/armv6-m\libnosys.a(sbrk.o)
 .ARM.attributes
                0x00000746       0x2c c:/program files (x86)/emblocks/2.30/share/em_armgcc/bin/../lib/gcc/arm-none-eabi/4.7.3/../../../../arm-none-eabi/lib/armv6-m\libnosys.a(_exit.o)
 .ARM.attributes
                0x00000772       0x2c c:/program files (x86)/emblocks/2.30/share/em_armgcc/bin/../lib/gcc/arm-none-eabi/4.7.3/armv6-m/crtend.o
 .ARM.attributes
                0x0000079e       0x1e c:/program files (x86)/emblocks/2.30/share/em_armgcc/bin/../lib/gcc/arm-none-eabi/4.7.3/armv6-m/crtn.o

.comment        0x00000000       0x38
 .comment       0x00000000       0x38 obj\debug\spl\src\stm32f0xx_exti.o
                                 0x39 (size before relaxing)
 .comment       0x00000000       0x39 obj\debug\spl\src\stm32f0xx_gpio.o
 .comment       0x00000000       0x39 obj\debug\spl\src\stm32f0xx_misc.o
 .comment       0x00000000       0x39 obj\debug\spl\src\stm32f0xx_pwr.o
 .comment       0x00000000       0x39 obj\debug\spl\src\stm32f0xx_rcc.o
 .comment       0x00000000       0x39 obj\debug\spl\src\stm32f0xx_rtc.o
 .comment       0x00000000       0x39 obj\debug\spl\src\stm32f0xx_syscfg.o
 .comment       0x00000000       0x39 obj\debug\spl\src\stm32f0xx_tim.o
 .comment       0x00000000       0x39 obj\debug\src\dht22.o
 .comment       0x00000000       0x39 obj\debug\src\essentials.o
 .comment       0x00000000       0x39 obj\debug\src\main.o
 .comment       0x00000000       0x39 obj\debug\src\system_stm32f0xx.o

.debug_info     0x00000000     0x6932
 .debug_info    0x00000000      0x355 obj\debug\spl\src\stm32f0xx_exti.o
 .debug_info    0x00000355      0x642 obj\debug\spl\src\stm32f0xx_gpio.o
 .debug_info    0x00000997      0x3bb obj\debug\spl\src\stm32f0xx_misc.o
 .debug_info    0x00000d52      0x41f obj\debug\spl\src\stm32f0xx_pwr.o
 .debug_info    0x00001171      0xb23 obj\debug\spl\src\stm32f0xx_rcc.o
 .debug_info    0x00001c94     0x1069 obj\debug\spl\src\stm32f0xx_rtc.o
 .debug_info    0x00002cfd      0x2e5 obj\debug\spl\src\stm32f0xx_syscfg.o
 .debug_info    0x00002fe2     0x1ebe obj\debug\spl\src\stm32f0xx_tim.o
 .debug_info    0x00004ea0      0x7ff obj\debug\src\dht22.o
 .debug_info    0x0000569f      0x457 obj\debug\src\essentials.o
 .debug_info    0x00005af6      0xae5 obj\debug\src\main.o
 .debug_info    0x000065db       0x6d obj\debug\src\startup_stm32f0xx.o
 .debug_info    0x00006648      0x2ea obj\debug\src\system_stm32f0xx.o

.debug_abbrev   0x00000000     0x1293
 .debug_abbrev  0x00000000      0x199 obj\debug\spl\src\stm32f0xx_exti.o
 .debug_abbrev  0x00000199      0x1a2 obj\debug\spl\src\stm32f0xx_gpio.o
 .debug_abbrev  0x0000033b      0x12c obj\debug\spl\src\stm32f0xx_misc.o
 .debug_abbrev  0x00000467      0x18d obj\debug\spl\src\stm32f0xx_pwr.o
 .debug_abbrev  0x000005f4      0x1f3 obj\debug\spl\src\stm32f0xx_rcc.o
 .debug_abbrev  0x000007e7      0x1bc obj\debug\spl\src\stm32f0xx_rtc.o
 .debug_abbrev  0x000009a3      0x14e obj\debug\spl\src\stm32f0xx_syscfg.o
 .debug_abbrev  0x00000af1      0x193 obj\debug\spl\src\stm32f0xx_tim.o
 .debug_abbrev  0x00000c84      0x15a obj\debug\src\dht22.o
 .debug_abbrev  0x00000dde      0x161 obj\debug\src\essentials.o
 .debug_abbrev  0x00000f3f      0x235 obj\debug\src\main.o
 .debug_abbrev  0x00001174       0x14 obj\debug\src\startup_stm32f0xx.o
 .debug_abbrev  0x00001188      0x10b obj\debug\src\system_stm32f0xx.o

.debug_loc      0x00000000     0x37e6
 .debug_loc     0x00000000      0x1b4 obj\debug\spl\src\stm32f0xx_exti.o
 .debug_loc     0x000001b4      0x2d8 obj\debug\spl\src\stm32f0xx_gpio.o
 .debug_loc     0x0000048c       0xa8 obj\debug\spl\src\stm32f0xx_misc.o
 .debug_loc     0x00000534      0x218 obj\debug\spl\src\stm32f0xx_pwr.o
 .debug_loc     0x0000074c      0x8d4 obj\debug\spl\src\stm32f0xx_rcc.o
 .debug_loc     0x00001020      0xb68 obj\debug\spl\src\stm32f0xx_rtc.o
 .debug_loc     0x00001b88      0x1b4 obj\debug\spl\src\stm32f0xx_syscfg.o
 .debug_loc     0x00001d3c     0x1458 obj\debug\spl\src\stm32f0xx_tim.o
 .debug_loc     0x00003194      0x224 obj\debug\src\dht22.o
 .debug_loc     0x000033b8      0x158 obj\debug\src\essentials.o
 .debug_loc     0x00003510      0x246 obj\debug\src\main.o
 .debug_loc     0x00003756       0x90 obj\debug\src\system_stm32f0xx.o

.debug_aranges  0x00000000      0x960
 .debug_aranges
                0x00000000       0x58 obj\debug\spl\src\stm32f0xx_exti.o
 .debug_aranges
                0x00000058       0x80 obj\debug\spl\src\stm32f0xx_gpio.o
 .debug_aranges
                0x000000d8       0x30 obj\debug\spl\src\stm32f0xx_misc.o
 .debug_aranges
                0x00000108       0x68 obj\debug\spl\src\stm32f0xx_pwr.o
 .debug_aranges
                0x00000170      0x160 obj\debug\spl\src\stm32f0xx_rcc.o
 .debug_aranges
                0x000002d0      0x1c0 obj\debug\spl\src\stm32f0xx_rtc.o
 .debug_aranges
                0x00000490       0x58 obj\debug\spl\src\stm32f0xx_syscfg.o
 .debug_aranges
                0x000004e8      0x300 obj\debug\spl\src\stm32f0xx_tim.o
 .debug_aranges
                0x000007e8       0x68 obj\debug\src\dht22.o
 .debug_aranges
                0x00000850       0x50 obj\debug\src\essentials.o
 .debug_aranges
                0x000008a0       0x70 obj\debug\src\main.o
 .debug_aranges
                0x00000910       0x20 obj\debug\src\startup_stm32f0xx.o
 .debug_aranges
                0x00000930       0x30 obj\debug\src\system_stm32f0xx.o

.debug_ranges   0x00000000      0x880
 .debug_ranges  0x00000000       0x48 obj\debug\spl\src\stm32f0xx_exti.o
 .debug_ranges  0x00000048       0x70 obj\debug\spl\src\stm32f0xx_gpio.o
 .debug_ranges  0x000000b8       0x20 obj\debug\spl\src\stm32f0xx_misc.o
 .debug_ranges  0x000000d8       0x58 obj\debug\spl\src\stm32f0xx_pwr.o
 .debug_ranges  0x00000130      0x150 obj\debug\spl\src\stm32f0xx_rcc.o
 .debug_ranges  0x00000280      0x1b0 obj\debug\spl\src\stm32f0xx_rtc.o
 .debug_ranges  0x00000430       0x48 obj\debug\spl\src\stm32f0xx_syscfg.o
 .debug_ranges  0x00000478      0x2f0 obj\debug\spl\src\stm32f0xx_tim.o
 .debug_ranges  0x00000768       0x58 obj\debug\src\dht22.o
 .debug_ranges  0x000007c0       0x40 obj\debug\src\essentials.o
 .debug_ranges  0x00000800       0x60 obj\debug\src\main.o
 .debug_ranges  0x00000860       0x20 obj\debug\src\system_stm32f0xx.o

.debug_macro    0x00000000     0x28c9
 .debug_macro   0x00000000      0x178 obj\debug\spl\src\stm32f0xx_exti.o
 .debug_macro   0x00000178       0xcf obj\debug\spl\src\stm32f0xx_exti.o
 .debug_macro   0x00000247      0x172 obj\debug\spl\src\stm32f0xx_gpio.o
 .debug_macro   0x000003b9      0x17f obj\debug\spl\src\stm32f0xx_gpio.o
 .debug_macro   0x00000538      0x172 obj\debug\spl\src\stm32f0xx_misc.o
 .debug_macro   0x000006aa       0x34 obj\debug\spl\src\stm32f0xx_misc.o
 .debug_macro   0x000006de      0x17e obj\debug\spl\src\stm32f0xx_pwr.o
 .debug_macro   0x0000085c       0xd9 obj\debug\spl\src\stm32f0xx_pwr.o
 .debug_macro   0x00000935      0x190 obj\debug\spl\src\stm32f0xx_rcc.o
 .debug_macro   0x00000ac5      0x4dd obj\debug\spl\src\stm32f0xx_rcc.o
 .debug_macro   0x00000fa2      0x1b2 obj\debug\spl\src\stm32f0xx_rtc.o
 .debug_macro   0x00001154      0x4bf obj\debug\spl\src\stm32f0xx_rtc.o
 .debug_macro   0x00001613      0x172 obj\debug\spl\src\stm32f0xx_syscfg.o
 .debug_macro   0x00001785      0x17e obj\debug\spl\src\stm32f0xx_syscfg.o
 .debug_macro   0x00001903      0x18e obj\debug\spl\src\stm32f0xx_tim.o
 .debug_macro   0x00001a91      0x74a obj\debug\spl\src\stm32f0xx_tim.o
 .debug_macro   0x000021db      0x177 obj\debug\src\dht22.o
 .debug_macro   0x00002352       0x16 obj\debug\src\dht22.o
 .debug_macro   0x00002368      0x172 obj\debug\src\essentials.o
 .debug_macro   0x000024da      0x26b obj\debug\src\main.o
 .debug_macro   0x00002745       0x1c obj\debug\src\main.o
 .debug_macro   0x00002761      0x168 obj\debug\src\system_stm32f0xx.o

.debug_line     0x00000000     0x51b0
 .debug_line    0x00000000      0x543 obj\debug\spl\src\stm32f0xx_exti.o
 .debug_line    0x00000543      0x5cb obj\debug\spl\src\stm32f0xx_gpio.o
 .debug_line    0x00000b0e      0x4d6 obj\debug\spl\src\stm32f0xx_misc.o
 .debug_line    0x00000fe4      0x592 obj\debug\spl\src\stm32f0xx_pwr.o
 .debug_line    0x00001576      0x825 obj\debug\spl\src\stm32f0xx_rcc.o
 .debug_line    0x00001d9b      0xa43 obj\debug\spl\src\stm32f0xx_rtc.o
 .debug_line    0x000027de      0x53c obj\debug\spl\src\stm32f0xx_syscfg.o
 .debug_line    0x00002d1a      0xd05 obj\debug\spl\src\stm32f0xx_tim.o
 .debug_line    0x00003a1f      0x5c6 obj\debug\src\dht22.o
 .debug_line    0x00003fe5      0x523 obj\debug\src\essentials.o
 .debug_line    0x00004508      0x729 obj\debug\src\main.o
 .debug_line    0x00004c31       0x99 obj\debug\src\startup_stm32f0xx.o
 .debug_line    0x00004cca      0x4e6 obj\debug\src\system_stm32f0xx.o

.debug_str      0x00000000    0x41be4
 .debug_str     0x00000000    0x3ee2d obj\debug\spl\src\stm32f0xx_exti.o
                              0x3ef95 (size before relaxing)
 .debug_str     0x0003ee2d      0x2d3 obj\debug\spl\src\stm32f0xx_gpio.o
                              0x3f0d0 (size before relaxing)
 .debug_str     0x0003f100      0x148 obj\debug\spl\src\stm32f0xx_misc.o
                              0x3ef3a (size before relaxing)
 .debug_str     0x0003f248      0x173 obj\debug\spl\src\stm32f0xx_pwr.o
                              0x3efa4 (size before relaxing)
 .debug_str     0x0003f3bb      0x63e obj\debug\spl\src\stm32f0xx_rcc.o
                              0x3f47c (size before relaxing)
 .debug_str     0x0003f9f9      0xa3b obj\debug\spl\src\stm32f0xx_rtc.o
                              0x3f88d (size before relaxing)
 .debug_str     0x00040434      0x170 obj\debug\spl\src\stm32f0xx_syscfg.o
                              0x3ef5f (size before relaxing)
 .debug_str     0x000405a4      0xc13 obj\debug\spl\src\stm32f0xx_tim.o
                              0x3faa3 (size before relaxing)
 .debug_str     0x000411b7      0x187 obj\debug\src\dht22.o
                              0x3f29d (size before relaxing)
 .debug_str     0x0004133e       0x6d obj\debug\src\essentials.o
                              0x3efb2 (size before relaxing)
 .debug_str     0x000413ab      0x7da obj\debug\src\main.o
                              0x3fa21 (size before relaxing)
 .debug_str     0x00041b85       0x5f obj\debug\src\system_stm32f0xx.o
                              0x3eea4 (size before relaxing)

.debug_frame    0x00000000     0x25dc
 .debug_frame   0x00000000      0x10c obj\debug\spl\src\stm32f0xx_exti.o
 .debug_frame   0x0000010c      0x1b0 obj\debug\spl\src\stm32f0xx_gpio.o
 .debug_frame   0x000002bc       0x70 obj\debug\spl\src\stm32f0xx_misc.o
 .debug_frame   0x0000032c      0x148 obj\debug\spl\src\stm32f0xx_pwr.o
 .debug_frame   0x00000474      0x524 obj\debug\spl\src\stm32f0xx_rcc.o
 .debug_frame   0x00000998      0x6a0 obj\debug\spl\src\stm32f0xx_rtc.o
 .debug_frame   0x00001038      0x110 obj\debug\spl\src\stm32f0xx_syscfg.o
 .debug_frame   0x00001148      0xbb0 obj\debug\spl\src\stm32f0xx_tim.o
 .debug_frame   0x00001cf8      0x14c obj\debug\src\dht22.o
 .debug_frame   0x00001e44       0xe0 obj\debug\src\essentials.o
 .debug_frame   0x00001f24      0x164 obj\debug\src\main.o
 .debug_frame   0x00002088       0x68 obj\debug\src\system_stm32f0xx.o
 .debug_frame   0x000020f0       0x20 c:/program files (x86)/emblocks/2.30/share/em_armgcc/bin/../lib/gcc/arm-none-eabi/4.7.3/armv6-m\libgcc.a(_udivsi3.o)
 .debug_frame   0x00002110       0x30 c:/program files (x86)/emblocks/2.30/share/em_armgcc/bin/../lib/gcc/arm-none-eabi/4.7.3/armv6-m\libgcc.a(addsf3.o)
 .debug_frame   0x00002140       0x3c c:/program files (x86)/emblocks/2.30/share/em_armgcc/bin/../lib/gcc/arm-none-eabi/4.7.3/armv6-m\libgcc.a(divsf3.o)
 .debug_frame   0x0000217c       0x3c c:/program files (x86)/emblocks/2.30/share/em_armgcc/bin/../lib/gcc/arm-none-eabi/4.7.3/armv6-m\libgcc.a(mulsf3.o)
 .debug_frame   0x000021b8       0x28 c:/program files (x86)/emblocks/2.30/share/em_armgcc/bin/../lib/gcc/arm-none-eabi/4.7.3/armv6-m\libgcc.a(fixsfsi.o)
 .debug_frame   0x000021e0       0x2c c:/program files (x86)/emblocks/2.30/share/em_armgcc/bin/../lib/gcc/arm-none-eabi/4.7.3/armv6-m\libgcc.a(floatsisf.o)
 .debug_frame   0x0000220c       0x28 c:/program files (x86)/emblocks/2.30/share/em_armgcc/bin/../lib/gcc/arm-none-eabi/4.7.3/armv6-m\libgcc.a(floatunsisf.o)
 .debug_frame   0x00002234       0x28 c:/program files (x86)/emblocks/2.30/share/em_armgcc/bin/../lib/gcc/arm-none-eabi/4.7.3/../../../../arm-none-eabi/lib/armv6-m\libc_n.a(lib_a-exit.o)
 .debug_frame   0x0000225c       0x2c c:/program files (x86)/emblocks/2.30/share/em_armgcc/bin/../lib/gcc/arm-none-eabi/4.7.3/../../../../arm-none-eabi/lib/armv6-m\libc_n.a(lib_a-init.o)
 .debug_frame   0x00002288       0x28 c:/program files (x86)/emblocks/2.30/share/em_armgcc/bin/../lib/gcc/arm-none-eabi/4.7.3/../../../../arm-none-eabi/lib/armv6-m\libc_n.a(lib_a-memcpy-stub.o)
 .debug_frame   0x000022b0       0x28 c:/program files (x86)/emblocks/2.30/share/em_armgcc/bin/../lib/gcc/arm-none-eabi/4.7.3/../../../../arm-none-eabi/lib/armv6-m\libc_n.a(lib_a-memset.o)
 .debug_frame   0x000022d8       0x4c c:/program files (x86)/emblocks/2.30/share/em_armgcc/bin/../lib/gcc/arm-none-eabi/4.7.3/../../../../arm-none-eabi/lib/armv6-m\libc_n.a(lib_a-sprintf.o)
 .debug_frame   0x00002324       0x74 c:/program files (x86)/emblocks/2.30/share/em_armgcc/bin/../lib/gcc/arm-none-eabi/4.7.3/../../../../arm-none-eabi/lib/armv6-m\libc_n.a(lib_a-svfprintf.o)
 .debug_frame   0x00002398       0x54 c:/program files (x86)/emblocks/2.30/share/em_armgcc/bin/../lib/gcc/arm-none-eabi/4.7.3/../../../../arm-none-eabi/lib/armv6-m\libc_n.a(lib_a-vfprintf_i.o)
 .debug_frame   0x000023ec       0x28 c:/program files (x86)/emblocks/2.30/share/em_armgcc/bin/../lib/gcc/arm-none-eabi/4.7.3/../../../../arm-none-eabi/lib/armv6-m\libc_n.a(lib_a-memchr-stub.o)
 .debug_frame   0x00002414       0x2c c:/program files (x86)/emblocks/2.30/share/em_armgcc/bin/../lib/gcc/arm-none-eabi/4.7.3/../../../../arm-none-eabi/lib/armv6-m\libc_n.a(lib_a-memmove.o)
 .debug_frame   0x00002440       0x30 c:/program files (x86)/emblocks/2.30/share/em_armgcc/bin/../lib/gcc/arm-none-eabi/4.7.3/../../../../arm-none-eabi/lib/armv6-m\libc_n.a(lib_a-nano-freer.o)
 .debug_frame   0x00002470       0x30 c:/program files (x86)/emblocks/2.30/share/em_armgcc/bin/../lib/gcc/arm-none-eabi/4.7.3/../../../../arm-none-eabi/lib/armv6-m\libc_n.a(lib_a-nano-mallocr.o)
 .debug_frame   0x000024a0       0x30 c:/program files (x86)/emblocks/2.30/share/em_armgcc/bin/../lib/gcc/arm-none-eabi/4.7.3/../../../../arm-none-eabi/lib/armv6-m\libc_n.a(lib_a-nano-reallocr.o)
 .debug_frame   0x000024d0       0x2c c:/program files (x86)/emblocks/2.30/share/em_armgcc/bin/../lib/gcc/arm-none-eabi/4.7.3/../../../../arm-none-eabi/lib/armv6-m\libc_n.a(lib_a-sbrkr.o)
 .debug_frame   0x000024fc       0x20 c:/program files (x86)/emblocks/2.30/share/em_armgcc/bin/../lib/gcc/arm-none-eabi/4.7.3/../../../../arm-none-eabi/lib/armv6-m\libc_n.a(lib_a-strlen.o)
 .debug_frame   0x0000251c       0x28 c:/program files (x86)/emblocks/2.30/share/em_armgcc/bin/../lib/gcc/arm-none-eabi/4.7.3/../../../../arm-none-eabi/lib/armv6-m\libc_n.a(lib_a-nano-msizer.o)
 .debug_frame   0x00002544       0x48 c:/program files (x86)/emblocks/2.30/share/em_armgcc/bin/../lib/gcc/arm-none-eabi/4.7.3/../../../../arm-none-eabi/lib/armv6-m\libc_n.a(lib_a-reent.o)
 .debug_frame   0x0000258c       0x28 c:/program files (x86)/emblocks/2.30/share/em_armgcc/bin/../lib/gcc/arm-none-eabi/4.7.3/../../../../arm-none-eabi/lib/armv6-m\libnosys.a(sbrk.o)
 .debug_frame   0x000025b4       0x28 c:/program files (x86)/emblocks/2.30/share/em_armgcc/bin/../lib/gcc/arm-none-eabi/4.7.3/../../../../arm-none-eabi/lib/armv6-m\libnosys.a(_exit.o)
