Archive member included because of file (symbol)

c:/program files (x86)/emblocks/2.30/share/em_armgcc/bin/../lib/gcc/arm-none-eabi/4.7.3/armv6-m\libgcc.a(_udivsi3.o)
                              obj\release\spl\src\stm32f0xx_rcc.o (__aeabi_uidiv)
c:/program files (x86)/emblocks/2.30/share/em_armgcc/bin/../lib/gcc/arm-none-eabi/4.7.3/armv6-m\libgcc.a(_dvmd_tls.o)
                              c:/program files (x86)/emblocks/2.30/share/em_armgcc/bin/../lib/gcc/arm-none-eabi/4.7.3/armv6-m\libgcc.a(_udivsi3.o) (__aeabi_idiv0)
c:/program files (x86)/emblocks/2.30/share/em_armgcc/bin/../lib/gcc/arm-none-eabi/4.7.3/armv6-m\libgcc.a(addsf3.o)
                              obj\release\src\dht22.o (__aeabi_fadd)
c:/program files (x86)/emblocks/2.30/share/em_armgcc/bin/../lib/gcc/arm-none-eabi/4.7.3/armv6-m\libgcc.a(divsf3.o)
                              obj\release\src\dht22.o (__aeabi_fdiv)
c:/program files (x86)/emblocks/2.30/share/em_armgcc/bin/../lib/gcc/arm-none-eabi/4.7.3/armv6-m\libgcc.a(mulsf3.o)
                              obj\release\src\dht22.o (__aeabi_fmul)
c:/program files (x86)/emblocks/2.30/share/em_armgcc/bin/../lib/gcc/arm-none-eabi/4.7.3/armv6-m\libgcc.a(fixsfsi.o)
                              obj\release\src\main.o (__aeabi_f2iz)
c:/program files (x86)/emblocks/2.30/share/em_armgcc/bin/../lib/gcc/arm-none-eabi/4.7.3/armv6-m\libgcc.a(floatsisf.o)
                              obj\release\src\dht22.o (__aeabi_i2f)
c:/program files (x86)/emblocks/2.30/share/em_armgcc/bin/../lib/gcc/arm-none-eabi/4.7.3/armv6-m\libgcc.a(floatunsisf.o)
                              obj\release\src\dht22.o (__aeabi_ui2f)
c:/program files (x86)/emblocks/2.30/share/em_armgcc/bin/../lib/gcc/arm-none-eabi/4.7.3/armv6-m\libgcc.a(_clzsi2.o)
                              c:/program files (x86)/emblocks/2.30/share/em_armgcc/bin/../lib/gcc/arm-none-eabi/4.7.3/armv6-m\libgcc.a(addsf3.o) (__clzsi2)
c:/program files (x86)/emblocks/2.30/share/em_armgcc/bin/../lib/gcc/arm-none-eabi/4.7.3/../../../../arm-none-eabi/lib/armv6-m\libc_n.a(lib_a-exit.o)
                              c:/program files (x86)/emblocks/2.30/share/em_armgcc/bin/../lib/gcc/arm-none-eabi/4.7.3/../../../../arm-none-eabi/lib/armv6-m/crt0.o (exit)
c:/program files (x86)/emblocks/2.30/share/em_armgcc/bin/../lib/gcc/arm-none-eabi/4.7.3/../../../../arm-none-eabi/lib/armv6-m\libc_n.a(lib_a-impure.o)
                              c:/program files (x86)/emblocks/2.30/share/em_armgcc/bin/../lib/gcc/arm-none-eabi/4.7.3/../../../../arm-none-eabi/lib/armv6-m\libc_n.a(lib_a-exit.o) (_global_impure_ptr)
c:/program files (x86)/emblocks/2.30/share/em_armgcc/bin/../lib/gcc/arm-none-eabi/4.7.3/../../../../arm-none-eabi/lib/armv6-m\libc_n.a(lib_a-init.o)
                              c:/program files (x86)/emblocks/2.30/share/em_armgcc/bin/../lib/gcc/arm-none-eabi/4.7.3/../../../../arm-none-eabi/lib/armv6-m/crt0.o (__libc_init_array)
c:/program files (x86)/emblocks/2.30/share/em_armgcc/bin/../lib/gcc/arm-none-eabi/4.7.3/../../../../arm-none-eabi/lib/armv6-m\libc_n.a(lib_a-memcpy-stub.o)
                              obj\release\src\main.o (memcpy)
c:/program files (x86)/emblocks/2.30/share/em_armgcc/bin/../lib/gcc/arm-none-eabi/4.7.3/../../../../arm-none-eabi/lib/armv6-m\libc_n.a(lib_a-memset.o)
                              c:/program files (x86)/emblocks/2.30/share/em_armgcc/bin/../lib/gcc/arm-none-eabi/4.7.3/../../../../arm-none-eabi/lib/armv6-m/crt0.o (memset)
c:/program files (x86)/emblocks/2.30/share/em_armgcc/bin/../lib/gcc/arm-none-eabi/4.7.3/../../../../arm-none-eabi/lib/armv6-m\libc_n.a(lib_a-sprintf.o)
                              obj\release\src\main.o (sprintf)
c:/program files (x86)/emblocks/2.30/share/em_armgcc/bin/../lib/gcc/arm-none-eabi/4.7.3/../../../../arm-none-eabi/lib/armv6-m\libc_n.a(lib_a-svfprintf.o)
                              c:/program files (x86)/emblocks/2.30/share/em_armgcc/bin/../lib/gcc/arm-none-eabi/4.7.3/../../../../arm-none-eabi/lib/armv6-m\libc_n.a(lib_a-sprintf.o) (_svfprintf_r)
c:/program files (x86)/emblocks/2.30/share/em_armgcc/bin/../lib/gcc/arm-none-eabi/4.7.3/../../../../arm-none-eabi/lib/armv6-m\libc_n.a(lib_a-vfprintf_i.o)
                              c:/program files (x86)/emblocks/2.30/share/em_armgcc/bin/../lib/gcc/arm-none-eabi/4.7.3/../../../../arm-none-eabi/lib/armv6-m\libc_n.a(lib_a-svfprintf.o) (_printf_i)
c:/program files (x86)/emblocks/2.30/share/em_armgcc/bin/../lib/gcc/arm-none-eabi/4.7.3/../../../../arm-none-eabi/lib/armv6-m\libc_n.a(lib_a-memchr-stub.o)
                              c:/program files (x86)/emblocks/2.30/share/em_armgcc/bin/../lib/gcc/arm-none-eabi/4.7.3/../../../../arm-none-eabi/lib/armv6-m\libc_n.a(lib_a-svfprintf.o) (memchr)
c:/program files (x86)/emblocks/2.30/share/em_armgcc/bin/../lib/gcc/arm-none-eabi/4.7.3/../../../../arm-none-eabi/lib/armv6-m\libc_n.a(lib_a-memmove.o)
[...]
Memory Configuration

Name             Origin             Length             Attributes
ROM              0x08000000         0x00004000         xr
RAM              0x20000000         0x00001000         xrw
*default*        0x00000000         0xffffffff

Linker script and memory map

LOAD c:/program files (x86)/emblocks/2.30/share/em_armgcc/bin/../lib/gcc/arm-none-eabi/4.7.3/armv6-m/crti.o
LOAD c:/program files (x86)/emblocks/2.30/share/em_armgcc/bin/../lib/gcc/arm-none-eabi/4.7.3/armv6-m/crtbegin.o
LOAD c:/program files (x86)/emblocks/2.30/share/em_armgcc/bin/../lib/gcc/arm-none-eabi/4.7.3/../../../../arm-none-eabi/lib/armv6-m/crt0.o
                0x00000000                __HEAP_SIZE = 0x0
                0x00000100                __STACK_SIZE = 0x100

.text           0x08000000     0x2db0
 *(.isr_vector)
 .isr_vector    0x08000000       0xc4 obj\release\src\startup_stm32f0xx.o
                0x08000000                __isr_vector
 *(.text*)
 .text          0x080000c4       0x60 c:/program files (x86)/emblocks/2.30/share/em_armgcc/bin/../lib/gcc/arm-none-eabi/4.7.3/armv6-m/crtbegin.o
 .text          0x08000124       0x78 c:/program files (x86)/emblocks/2.30/share/em_armgcc/bin/../lib/gcc/arm-none-eabi/4.7.3/../../../../arm-none-eabi/lib/armv6-m/crt0.o
                0x08000124                _start
                0x08000124                _mainCRTStartup
 .text.EXTI_Init
                0x0800019c       0x70 obj\release\spl\src\stm32f0xx_exti.o
                0x0800019c                EXTI_Init
 .text.EXTI_GetITStatus
                0x0800020c       0x10 obj\release\spl\src\stm32f0xx_exti.o
                0x0800020c                EXTI_GetITStatus
 .text.EXTI_ClearITPendingBit
                0x0800021c        0xc obj\release\spl\src\stm32f0xx_exti.o
                0x0800021c                EXTI_ClearITPendingBit
 .text.GPIO_Init
                0x08000228       0xa0 obj\release\spl\src\stm32f0xx_gpio.o
                0x08000228                GPIO_Init
 .text.GPIO_ReadInputDataBit
                0x080002c8        0xc obj\release\spl\src\stm32f0xx_gpio.o
                0x080002c8                GPIO_ReadInputDataBit
 .text.GPIO_SetBits
                0x080002d4        0x4 obj\release\spl\src\stm32f0xx_gpio.o
                0x080002d4                GPIO_SetBits
 .text.GPIO_ResetBits
                0x080002d8        0x4 obj\release\spl\src\stm32f0xx_gpio.o
                0x080002d8                GPIO_ResetBits
 .text.NVIC_Init
                0x080002dc       0x58 obj\release\spl\src\stm32f0xx_misc.o
                0x080002dc                NVIC_Init
 .text.PWR_BackupAccessCmd
                0x08000334       0x24 obj\release\spl\src\stm32f0xx_pwr.o
                0x08000334                PWR_BackupAccessCmd
 .text.RCC_LSEConfig
                0x08000358       0x20 obj\release\spl\src\stm32f0xx_rcc.o
                0x08000358                RCC_LSEConfig
 .text.RCC_RTCCLKConfig
                0x08000378       0x10 obj\release\spl\src\stm32f0xx_rcc.o
                0x08000378                RCC_RTCCLKConfig
 .text.RCC_RTCCLKCmd
                0x08000388       0x24 obj\release\spl\src\stm32f0xx_rcc.o
                0x08000388                RCC_RTCCLKCmd
 .text.RCC_BackupResetCmd
                0x080003ac       0x24 obj\release\spl\src\stm32f0xx_rcc.o
                0x080003ac                RCC_BackupResetCmd
 .text.RCC_AHBPeriphClockCmd
                0x080003d0       0x1c obj\release\spl\src\stm32f0xx_rcc.o
                0x080003d0                RCC_AHBPeriphClockCmd
 .text.RCC_APB2PeriphClockCmd
                0x080003ec       0x1c obj\release\spl\src\stm32f0xx_rcc.o
                0x080003ec                RCC_APB2PeriphClockCmd
 .text.RCC_APB1PeriphClockCmd
                0x08000408       0x1c obj\release\spl\src\stm32f0xx_rcc.o
                0x08000408                RCC_APB1PeriphClockCmd
 .text.RCC_GetFlagStatus
                0x08000424       0x38 obj\release\spl\src\stm32f0xx_rcc.o
                0x08000424                RCC_GetFlagStatus
 .text.RTC_StructInit
                0x0800045c        0xc obj\release\spl\src\stm32f0xx_rtc.o
                0x0800045c                RTC_StructInit
 .text.RTC_WriteProtectionCmd
                0x08000468       0x20 obj\release\spl\src\stm32f0xx_rtc.o
                0x08000468                RTC_WriteProtectionCmd
 .text.RTC_EnterInitMode
                0x08000488       0x48 obj\release\spl\src\stm32f0xx_rtc.o
                0x08000488                RTC_EnterInitMode
 .text.RTC_Init
                0x080004d0       0x50 obj\release\spl\src\stm32f0xx_rtc.o
                0x080004d0                RTC_Init
 .text.RTC_WaitForSynchro
                0x08000520       0x54 obj\release\spl\src\stm32f0xx_rtc.o
                0x08000520                RTC_WaitForSynchro
 .text.RTC_SetTime
                0x08000574       0xd8 obj\release\spl\src\stm32f0xx_rtc.o
                0x08000574                RTC_SetTime
 .text.RTC_GetTime
                0x0800064c       0x68 obj\release\spl\src\stm32f0xx_rtc.o
                0x0800064c                RTC_GetTime
 .text.RTC_SetDate
                0x080006b4       0xd4 obj\release\spl\src\stm32f0xx_rtc.o
                0x080006b4                RTC_SetDate
 .text.RTC_SetAlarm
                0x08000788       0xec obj\release\spl\src\stm32f0xx_rtc.o
                0x08000788                RTC_SetAlarm
 .text.RTC_AlarmCmd
                0x08000874       0x5c obj\release\spl\src\stm32f0xx_rtc.o
                0x08000874                RTC_AlarmCmd
 .text.RTC_WriteBackupRegister
                0x080008d0       0x20 obj\release\spl\src\stm32f0xx_rtc.o
                0x080008d0                RTC_WriteBackupRegister
 .text.RTC_ReadBackupRegister
                0x080008f0       0x20 obj\release\spl\src\stm32f0xx_rtc.o
                0x080008f0                RTC_ReadBackupRegister
 .text.RTC_ITConfig
                0x08000910       0x48 obj\release\spl\src\stm32f0xx_rtc.o
                0x08000910                RTC_ITConfig
 .text.RTC_GetITStatus
                0x08000958       0x34 obj\release\spl\src\stm32f0xx_rtc.o
                0x08000958                RTC_GetITStatus
 .text.RTC_ClearITPendingBit
                0x0800098c       0x1c obj\release\spl\src\stm32f0xx_rtc.o
                0x0800098c                RTC_ClearITPendingBit
 .text.SYSCFG_EXTILineConfig
                0x080009a8       0x2c obj\release\spl\src\stm32f0xx_syscfg.o
                0x080009a8                SYSCFG_EXTILineConfig
 .text.TIM_TimeBaseInit
                0x080009d4       0x88 obj\release\spl\src\stm32f0xx_tim.o
                0x080009d4                TIM_TimeBaseInit
 .text.TIM_TimeBaseStructInit
                0x08000a5c       0x14 obj\release\spl\src\stm32f0xx_tim.o
                0x08000a5c                TIM_TimeBaseStructInit
 .text.TIM_SetCounter
                0x08000a70        0x4 obj\release\spl\src\stm32f0xx_tim.o
                0x08000a70                TIM_SetCounter
 .text.TIM_GetCounter
                0x08000a74        0x4 obj\release\spl\src\stm32f0xx_tim.o
                0x08000a74                TIM_GetCounter
 .text.TIM_Cmd  0x08000a78       0x1c obj\release\spl\src\stm32f0xx_tim.o
                0x08000a78                TIM_Cmd
 .text.TIM_OCStructInit
                0x08000a94       0x14 obj\release\spl\src\stm32f0xx_tim.o
                0x08000a94                TIM_OCStructInit
 .text.DHT22TimerInit
                0x08000aa8       0x58 obj\release\src\dht22.o
                0x08000aa8                DHT22TimerInit
 .text.DHT22pinIn
                0x08000b00       0x2c obj\release\src\dht22.o
                0x08000b00                DHT22pinIn
 .text.DHT22pinOut
                0x08000b2c       0x28 obj\release\src\dht22.o
                0x08000b2c                DHT22pinOut
 .text.DHT22_Read
                0x08000b54       0xe0 obj\release\src\dht22.o
                0x08000b54                DHT22_Read
 .text.DHT22getTemperature
                0x08000c34       0x40 obj\release\src\dht22.o
                0x08000c34                DHT22getTemperature
 .text.init_TIM4
                0x08000c74       0x48 obj\release\src\essentials.o
                0x08000c74                init_TIM4
 .text.delay_micro
                0x08000cbc       0x20 obj\release\src\essentials.o
                0x08000cbc                delay_micro
 .text.delay    0x08000cdc       0x10 obj\release\src\essentials.o
                0x08000cdc                delay
 .text.millis   0x08000cec       0x14 obj\release\src\essentials.o
                0x08000cec                millis
 .text.init_essentials_time
                0x08000d00        0x8 obj\release\src\essentials.o
                0x08000d00                init_essentials_time
 .text.EXTI4_15_IRQHandler
                0x08000d08       0xcc obj\release\src\main.o
                0x08000d08                EXTI4_15_IRQHandler
 .text.RTC_IRQHandler
                0x08000dd4       0x2c obj\release\src\main.o
                0x08000dd4                RTC_IRQHandler
 .text.blankTube
                0x08000e00      0x144 obj\release\src\main.o
                0x08000e00                blankTube
 .text.displayNumber
                0x08000f44      0x1b8 obj\release\src\main.o
                0x08000f44                displayNumber
 .text.numbericInput
                0x080010fc      0x13c obj\release\src\main.o
                0x080010fc                numbericInput
 .text.initRTC  0x08001238       0x64 obj\release\src\main.o
                0x08001238                initRTC
 .text.setRTC   0x0800129c       0x4c obj\release\src\main.o
                0x0800129c                setRTC
 .text.initRTCAlarm
                0x080012e8       0x7c obj\release\src\main.o
                0x080012e8                initRTCAlarm
 .text.setAutoPower
                0x08001364       0x8c obj\release\src\main.o
                0x08001364                setAutoPower
 .text.initButtons
                0x080013f0       0x6c obj\release\src\main.o
                0x080013f0                initButtons
 .text.startup.main
                0x0800145c      0x3b4 obj\release\src\main.o
                0x0800145c                main
 .text          0x08001810       0xa0 obj\release\src\startup_stm32f0xx.o
                0x08001810                Reset_Handler
                0x0800185a                NMI_Handler
                0x0800185c                HardFault_Handler
                0x0800185e                SVC_Handler
                0x08001860                PendSV_Handler
                0x08001862                SysTick_Handler
                0x08001864                Default_Handler
                0x08001866                WWDG_IRQHandler
                0x08001868                PVD_IRQHandler
                0x0800186c                FLASH_IRQHandler
                0x0800186e                RCC_IRQHandler
                0x08001870                EXTI0_1_IRQHandler
                0x08001872                EXTI2_3_IRQHandler
                0x08001876                TS_IRQHandler
                0x08001878                DMA1_Channel1_IRQHandler
                0x0800187a                DMA1_Channel2_3_IRQHandler
                0x0800187c                DMA1_Channel4_5_IRQHandler
                0x0800187e                ADC1_COMP_IRQHandler
                0x08001880                TIM1_BRK_UP_TRG_COM_IRQHandler
                0x08001882                TIM1_CC_IRQHandler
                0x08001884                TIM2_IRQHandler
                0x08001886                TIM3_IRQHandler
                0x08001888                TIM6_DAC_IRQHandler
                0x0800188a                TIM7_IRQHandler
                0x0800188c                TIM14_IRQHandler
                0x0800188e                TIM15_IRQHandler
                0x08001890                TIM16_IRQHandler
                0x08001892                TIM17_IRQHandler
                0x08001894                I2C1_IRQHandler
                0x08001896                I2C2_IRQHandler
                0x08001898                SPI1_IRQHandler
                0x0800189a                SPI2_IRQHandler
                0x0800189c                USART1_IRQHandler
                0x0800189e                USART2_IRQHandler
                0x080018a0                USART3_4_IRQHandler
                0x080018a2                CEC_IRQHandler
                0x080018a4                USB_IRQHandler
                0x080018a6                BootRAM
 .text.SystemInit
                0x080018b0       0x70 obj\release\src\system_stm32f0xx.o
                0x080018b0                SystemInit
 .text          0x08001920       0x9c c:/program files (x86)/emblocks/2.30/share/em_armgcc/bin/../lib/gcc/arm-none-eabi/4.7.3/armv6-m\libgcc.a(_udivsi3.o)
                0x08001920                __aeabi_uidiv
                0x08001920                __udivsi3
                0x080019a8                __aeabi_uidivmod
 .text          0x080019bc        0x4 c:/program files (x86)/emblocks/2.30/share/em_armgcc/bin/../lib/gcc/arm-none-eabi/4.7.3/armv6-m\libgcc.a(_dvmd_tls.o)
                0x080019bc                __aeabi_idiv0
                0x080019bc                __aeabi_ldiv0
 .text          0x080019c0      0x3b8 c:/program files (x86)/emblocks/2.30/share/em_armgcc/bin/../lib/gcc/arm-none-eabi/4.7.3/armv6-m\libgcc.a(addsf3.o)
                0x080019c0                __aeabi_fadd
 .text          0x08001d78      0x230 c:/program files (x86)/emblocks/2.30/share/em_armgcc/bin/../lib/gcc/arm-none-eabi/4.7.3/armv6-m\libgcc.a(divsf3.o)
                0x08001d78                __aeabi_fdiv
 .text          0x08001fa8      0x268 c:/program files (x86)/emblocks/2.30/share/em_armgcc/bin/../lib/gcc/arm-none-eabi/4.7.3/armv6-m\libgcc.a(mulsf3.o)
                0x08001fa8                __aeabi_fmul
 .text          0x08002210       0x40 c:/program files (x86)/emblocks/2.30/share/em_armgcc/bin/../lib/gcc/arm-none-eabi/4.7.3/armv6-m\libgcc.a(fixsfsi.o)
                0x08002210                __aeabi_f2iz
 .text          0x08002250       0xac c:/program files (x86)/emblocks/2.30/share/em_armgcc/bin/../lib/gcc/arm-none-eabi/4.7.3/armv6-m\libgcc.a(floatsisf.o)
                0x08002250                __aeabi_i2f
 .text          0x080022fc       0x3c c:/program files (x86)/emblocks/2.30/share/em_armgcc/bin/../lib/gcc/arm-none-eabi/4.7.3/armv6-m\libgcc.a(_clzsi2.o)
                0x080022fc                __clzsi2
 .text.exit     0x08002338       0x2c c:/program files (x86)/emblocks/2.30/share/em_armgcc/bin/../lib/gcc/arm-none-eabi/4.7.3/../../../../arm-none-eabi/lib/armv6-m\libc_n.a(lib_a-exit.o)
                0x08002338                exit
 .text.__libc_init_array
                0x08002364       0x4c c:/program files (x86)/emblocks/2.30/share/em_armgcc/bin/../lib/gcc/arm-none-eabi/4.7.3/../../../../arm-none-eabi/lib/armv6-m\libc_n.a(lib_a-init.o)
                0x08002364                __libc_init_array
 .text.memcpy   0x080023b0       0x12 c:/program files (x86)/emblocks/2.30/share/em_armgcc/bin/../lib/gcc/arm-none-eabi/4.7.3/../../../../arm-none-eabi/lib/armv6-m\libc_n.a(lib_a-memcpy-stub.o)
                0x080023b0                memcpy
 .text.memset   0x080023c2       0x12 c:/program files (x86)/emblocks/2.30/share/em_armgcc/bin/../lib/gcc/arm-none-eabi/4.7.3/../../../../arm-none-eabi/lib/armv6-m\libc_n.a(lib_a-memset.o)
                0x080023c2                memset
 .text.sprintf  0x080023d4       0x44 c:/program files (x86)/emblocks/2.30/share/em_armgcc/bin/../lib/gcc/arm-none-eabi/4.7.3/../../../../arm-none-eabi/lib/armv6-m\libc_n.a(lib_a-sprintf.o)
                0x080023d4                siprintf
                0x080023d4                sprintf
 .text.__ssputs_r
                0x08002418       0xc8 c:/program files (x86)/emblocks/2.30/share/em_armgcc/bin/../lib/gcc/arm-none-eabi/4.7.3/../../../../arm-none-eabi/lib/armv6-m\libc_n.a(lib_a-svfprintf.o)
                0x08002418                __ssputs_r
 .text._svfprintf_r
                0x080024e0      0x1e8 c:/program files (x86)/emblocks/2.30/share/em_armgcc/bin/../lib/gcc/arm-none-eabi/4.7.3/../../../../arm-none-eabi/lib/armv6-m\libc_n.a(lib_a-svfprintf.o)
                0x080024e0                _svfiprintf_r
                0x080024e0                _svfprintf_r
 .text._printf_common
                0x080026c8       0xe6 c:/program files (x86)/emblocks/2.30/share/em_armgcc/bin/../lib/gcc/arm-none-eabi/4.7.3/../../../../arm-none-eabi/lib/armv6-m\libc_n.a(lib_a-vfprintf_i.o)
                0x080026c8                _printf_common
 *fill*         0x080027ae        0x2 
 .text._printf_i
                0x080027b0      0x248 c:/program files (x86)/emblocks/2.30/share/em_armgcc/bin/../lib/gcc/arm-none-eabi/4.7.3/../../../../arm-none-eabi/lib/armv6-m\libc_n.a(lib_a-vfprintf_i.o)
                0x080027b0                _printf_i
 .text.memchr   0x080029f8       0x18 c:/program files (x86)/emblocks/2.30/share/em_armgcc/bin/../lib/gcc/arm-none-eabi/4.7.3/../../../../arm-none-eabi/lib/armv6-m\libc_n.a(lib_a-memchr-stub.o)
                0x080029f8                memchr
 .text.memmove  0x08002a10       0x30 c:/program files (x86)/emblocks/2.30/share/em_armgcc/bin/../lib/gcc/arm-none-eabi/4.7.3/../../../../arm-none-eabi/lib/armv6-m\libc_n.a(lib_a-memmove.o)
                0x08002a10                memmove
 .text._free_r  0x08002a40       0x9c c:/program files (x86)/emblocks/2.30/share/em_armgcc/bin/../lib/gcc/arm-none-eabi/4.7.3/../../../../arm-none-eabi/lib/armv6-m\libc_n.a(lib_a-nano-freer.o)
                0x08002a40                _free_r
 .text._malloc_r
                0x08002adc       0xb0 c:/program files (x86)/emblocks/2.30/share/em_armgcc/bin/../lib/gcc/arm-none-eabi/4.7.3/../../../../arm-none-eabi/lib/armv6-m\libc_n.a(lib_a-nano-mallocr.o)
                0x08002adc                _malloc_r
 .text._realloc_r
                0x08002b8c       0x4e c:/program files (x86)/emblocks/2.30/share/em_armgcc/bin/../lib/gcc/arm-none-eabi/4.7.3/../../../../arm-none-eabi/lib/armv6-m\libc_n.a(lib_a-nano-reallocr.o)
                0x08002b8c                _realloc_r
 *fill*         0x08002bda        0x2 
 .text._sbrk_r  0x08002bdc       0x24 c:/program files (x86)/emblocks/2.30/share/em_armgcc/bin/../lib/gcc/arm-none-eabi/4.7.3/../../../../arm-none-eabi/lib/armv6-m\libc_n.a(lib_a-sbrkr.o)
                0x08002bdc                _sbrk_r
 .text.strlen   0x08002c00        0xe c:/program files (x86)/emblocks/2.30/share/em_armgcc/bin/../lib/gcc/arm-none-eabi/4.7.3/../../../../arm-none-eabi/lib/armv6-m\libc_n.a(lib_a-strlen.o)
                0x08002c00                strlen
 .text._malloc_usable_size_r
                0x08002c0e       0x14 c:/program files (x86)/emblocks/2.30/share/em_armgcc/bin/../lib/gcc/arm-none-eabi/4.7.3/../../../../arm-none-eabi/lib/armv6-m\libc_n.a(lib_a-nano-msizer.o)
                0x08002c0e                _malloc_usable_size_r
 *fill*         0x08002c22        0x2 
 .text._sbrk    0x08002c24       0x38 c:/program files (x86)/emblocks/2.30/share/em_armgcc/bin/../lib/gcc/arm-none-eabi/4.7.3/../../../../arm-none-eabi/lib/armv6-m\libnosys.a(sbrk.o)
                0x08002c24                _sbrk
 .text._exit    0x08002c5c        0x4 c:/program files (x86)/emblocks/2.30/share/em_armgcc/bin/../lib/gcc/arm-none-eabi/4.7.3/../../../../arm-none-eabi/lib/armv6-m\libnosys.a(_exit.o)
                0x08002c5c                _exit
 *(.init)
 .init          0x08002c60        0x4 c:/program files (x86)/emblocks/2.30/share/em_armgcc/bin/../lib/gcc/arm-none-eabi/4.7.3/armv6-m/crti.o
                0x08002c60                _init
 .init          0x08002c64        0x8 c:/program files (x86)/emblocks/2.30/share/em_armgcc/bin/../lib/gcc/arm-none-eabi/4.7.3/armv6-m/crtn.o
 *(.fini)
 .fini          0x08002c6c        0x4 c:/program files (x86)/emblocks/2.30/share/em_armgcc/bin/../lib/gcc/arm-none-eabi/4.7.3/armv6-m/crti.o
                0x08002c6c                _fini
 .fini          0x08002c70        0x8 c:/program files (x86)/emblocks/2.30/share/em_armgcc/bin/../lib/gcc/arm-none-eabi/4.7.3/armv6-m/crtn.o
 *crtbegin.o(.ctors)
 *crtbegin?.o(.ctors)
 *(EXCLUDE_FILE(*crtend.o *crtend?.o) .ctors)
 *(SORT(.ctors.*))
 *(.ctors)
 *crtbegin.o(.dtors)
 *crtbegin?.o(.dtors)
 *(EXCLUDE_FILE(*crtend.o *crtend?.o) .dtors)
 *(SORT(.dtors.*))
 *(.dtors)
 *(.rodata*)
 .rodata.displayNumber
                0x08002c78       0x68 obj\release\src\main.o
 .rodata.str1.4
                0x08002ce0       0x10 obj\release\src\main.o
 .rodata        0x08002cf0       0x40 c:/program files (x86)/emblocks/2.30/share/em_armgcc/bin/../lib/gcc/arm-none-eabi/4.7.3/armv6-m\libgcc.a(divsf3.o)
 .rodata        0x08002d30       0x40 c:/program files (x86)/emblocks/2.30/share/em_armgcc/bin/../lib/gcc/arm-none-eabi/4.7.3/armv6-m\libgcc.a(mulsf3.o)
 .rodata.str1.1
                0x08002d70        0x2 c:/program files (x86)/emblocks/2.30/share/em_armgcc/bin/../lib/gcc/arm-none-eabi/4.7.3/../../../../arm-none-eabi/lib/armv6-m\libc_n.a(lib_a-impure.o)
 *fill*         0x08002d72        0x2 
 .rodata._global_impure_ptr
                0x08002d74        0x4 c:/program files (x86)/emblocks/2.30/share/em_armgcc/bin/../lib/gcc/arm-none-eabi/4.7.3/../../../../arm-none-eabi/lib/armv6-m\libc_n.a(lib_a-impure.o)
                0x08002d74                _global_impure_ptr
 .rodata.str1.1
                0x08002d78       0x11 c:/program files (x86)/emblocks/2.30/share/em_armgcc/bin/../lib/gcc/arm-none-eabi/4.7.3/../../../../arm-none-eabi/lib/armv6-m\libc_n.a(lib_a-svfprintf.o)
 .rodata.str1.1
                0x08002d89       0x22 c:/program files (x86)/emblocks/2.30/share/em_armgcc/bin/../lib/gcc/arm-none-eabi/4.7.3/../../../../arm-none-eabi/lib/armv6-m\libc_n.a(lib_a-vfprintf_i.o)
 *(.eh_frame*)
 *fill*         0x08002dab        0x1 
 .eh_frame      0x08002dac        0x0 c:/program files (x86)/emblocks/2.30/share/em_armgcc/bin/../lib/gcc/arm-none-eabi/4.7.3/armv6-m/crtbegin.o
 .eh_frame      0x08002dac        0x4 c:/program files (x86)/emblocks/2.30/share/em_armgcc/bin/../lib/gcc/arm-none-eabi/4.7.3/armv6-m/crtend.o

.glue_7         0x08002db0        0x0
 .glue_7        0x00000000        0x0 linker stubs

.glue_7t        0x08002db0        0x0
 .glue_7t       0x00000000        0x0 linker stubs

.vfp11_veneer   0x08002db0        0x0
 .vfp11_veneer  0x00000000        0x0 linker stubs

.v4_bx          0x08002db0        0x0
 .v4_bx         0x00000000        0x0 linker stubs

.iplt           0x08002db0        0x0
 .iplt          0x00000000        0x0 c:/program files (x86)/emblocks/2.30/share/em_armgcc/bin/../lib/gcc/arm-none-eabi/4.7.3/armv6-m/crtbegin.o

.ARM.extab
 *(.ARM.extab* .gnu.linkonce.armextab.*)
                0x08002db0                __exidx_start = .

.ARM.exidx      0x08002db0        0x8
 *(.ARM.exidx* .gnu.linkonce.armexidx.*)
 .ARM.exidx     0x08002db0        0x8 c:/program files (x86)/emblocks/2.30/share/em_armgcc/bin/../lib/gcc/arm-none-eabi/4.7.3/../../../../arm-none-eabi/lib/armv6-m/crt0.o
                0x08002db8                __exidx_end = .
                0x08002db8                __etext = .

.rel.dyn        0x08002db8        0x0
 .rel.iplt      0x00000000        0x0 c:/program files (x86)/emblocks/2.30/share/em_armgcc/bin/../lib/gcc/arm-none-eabi/4.7.3/armv6-m/crtbegin.o

.data           0x20000000       0x70 load address 0x08002db8
                0x20000000                __data_start__ = .
 *(vtable)
 *(.data*)
 .data.SystemCoreClock
                0x20000000        0x4 obj\release\src\system_stm32f0xx.o
                0x20000000                SystemCoreClock
 .data.impure_data
                0x20000004       0x60 c:/program files (x86)/emblocks/2.30/share/em_armgcc/bin/../lib/gcc/arm-none-eabi/4.7.3/../../../../arm-none-eabi/lib/armv6-m\libc_n.a(lib_a-impure.o)
 .data._impure_ptr
                0x20000064        0x4 c:/program files (x86)/emblocks/2.30/share/em_armgcc/bin/../lib/gcc/arm-none-eabi/4.7.3/../../../../arm-none-eabi/lib/armv6-m\libc_n.a(lib_a-impure.o)
                0x20000064                _impure_ptr
                0x20000068                . = ALIGN (0x4)
                0x20000068                PROVIDE (__preinit_array_start, .)
 *(.preinit_array)
                0x20000068                PROVIDE (__preinit_array_end, .)
                0x20000068                . = ALIGN (0x4)
                0x20000068                PROVIDE (__init_array_start, .)
 *(SORT(.init_array.*))
 *(.init_array)
 .init_array    0x20000068        0x4 c:/program files (x86)/emblocks/2.30/share/em_armgcc/bin/../lib/gcc/arm-none-eabi/4.7.3/armv6-m/crtbegin.o
                0x2000006c                PROVIDE (__init_array_end, .)
                0x2000006c                . = ALIGN (0x4)
                0x2000006c                PROVIDE (__fini_array_start, .)
 *(SORT(.fini_array.*))
 *(.fini_array)
 .fini_array    0x2000006c        0x4 c:/program files (x86)/emblocks/2.30/share/em_armgcc/bin/../lib/gcc/arm-none-eabi/4.7.3/armv6-m/crtbegin.o
                0x20000070                PROVIDE (__fini_array_end, .)
                0x20000070                . = ALIGN (0x4)
                0x20000070                __data_end__ = .

.jcr            0x20000070        0x0 load address 0x08002e28
 .jcr           0x20000070        0x0 c:/program files (x86)/emblocks/2.30/share/em_armgcc/bin/../lib/gcc/arm-none-eabi/4.7.3/armv6-m/crtbegin.o

.igot.plt       0x20000070        0x0 load address 0x08002e28
 .igot.plt      0x00000000        0x0 c:/program files (x86)/emblocks/2.30/share/em_armgcc/bin/../lib/gcc/arm-none-eabi/4.7.3/armv6-m/crtbegin.o

.bss            0x20000070       0x68 load address 0x08002e28
                0x20000070                __bss_start__ = .
 *(.bss*)
 .bss           0x20000070       0x1c c:/program files (x86)/emblocks/2.30/share/em_armgcc/bin/../lib/gcc/arm-none-eabi/4.7.3/armv6-m/crtbegin.o
 .bss.state     0x2000008c        0x4 obj\release\src\main.o
                0x2000008c                state
 .bss.button1PressStart
                0x20000090        0x4 obj\release\src\main.o
                0x20000090                button1PressStart
 .bss.button1Flag
                0x20000094        0x4 obj\release\src\main.o
                0x20000094                button1Flag
 .bss.button2PressStart
                0x20000098        0x4 obj\release\src\main.o
                0x20000098                button2PressStart
 .bss.button3PressStart
                0x2000009c        0x4 obj\release\src\main.o
                0x2000009c                button3PressStart
 .bss.button2Flag
                0x200000a0        0x4 obj\release\src\main.o
                0x200000a0                button2Flag
 .bss.secondsPassed
                0x200000a4        0x4 obj\release\src\main.o
                0x200000a4                secondsPassed
 .bss.button3Flag
                0x200000a8        0x4 obj\release\src\main.o
                0x200000a8                button3Flag
 .bss.__malloc_sbrk_start
                0x200000ac        0x4 c:/program files (x86)/emblocks/2.30/share/em_armgcc/bin/../lib/gcc/arm-none-eabi/4.7.3/../../../../arm-none-eabi/lib/armv6-m\libc_n.a(lib_a-nano-mallocr.o)
                0x200000ac                __malloc_sbrk_start
 .bss.__malloc_free_list
                0x200000b0        0x4 c:/program files (x86)/emblocks/2.30/share/em_armgcc/bin/../lib/gcc/arm-none-eabi/4.7.3/../../../../arm-none-eabi/lib/armv6-m\libc_n.a(lib_a-nano-mallocr.o)
                0x200000b0                __malloc_free_list
 .bss.heap_end.4240
                0x200000b4        0x4 c:/program files (x86)/emblocks/2.30/share/em_armgcc/bin/../lib/gcc/arm-none-eabi/4.7.3/../../../../arm-none-eabi/lib/armv6-m\libnosys.a(sbrk.o)
 *(COMMON)
 COMMON         0x200000b8        0x6 obj\release\src\dht22.o
                0x200000b8                DHT22data
 *fill*         0x200000be        0x2 
 COMMON         0x200000c0       0x14 obj\release\src\main.o
                0x200000c0                autoPowerOnEnabled
                0x200000c4                autoPowerOnMinutes
                0x200000c8                autoPowerOnHours
                0x200000cc                autoPowerOffHours
                0x200000d0                autoPowerOffMinutes
 COMMON         0x200000d4        0x4 c:/program files (x86)/emblocks/2.30/share/em_armgcc/bin/../lib/gcc/arm-none-eabi/4.7.3/../../../../arm-none-eabi/lib/armv6-m\libc_n.a(lib_a-reent.o)
                0x200000d4                errno
                0x200000d8                __bss_end__ = .

.heap           0x200000d8        0x0
                0x200000d8                __end__ = .
                0x200000d8                end = __end__
 *(.heap*)
 .heap          0x200000d8        0x0 obj\release\src\startup_stm32f0xx.o
                0x200000d8                __HeapLimit = .

.stack_dummy    0x200000d8      0x100
 *(.stack)
 .stack         0x200000d8      0x100 obj\release\src\startup_stm32f0xx.o
                0x20001000                __StackTop = (ORIGIN (RAM) + 0x1000)
                0x20000f00                __StackLimit = (__StackTop - SIZEOF (.stack_dummy))
                0x20001000                PROVIDE (__stack, __StackTop)
                0x00000001                ASSERT ((__StackLimit >= __HeapLimit), region RAM overflowed with stack)
LOAD obj\release\spl\src\stm32f0xx_adc.o
LOAD obj\release\spl\src\stm32f0xx_can.o
LOAD obj\release\spl\src\stm32f0xx_cec.o
LOAD obj\release\spl\src\stm32f0xx_comp.o
LOAD obj\release\spl\src\stm32f0xx_crc.o
LOAD obj\release\spl\src\stm32f0xx_crs.o
LOAD obj\release\spl\src\stm32f0xx_dac.o
LOAD obj\release\spl\src\stm32f0xx_dbgmcu.o
LOAD obj\release\spl\src\stm32f0xx_dma.o
LOAD obj\release\spl\src\stm32f0xx_exti.o
LOAD obj\release\spl\src\stm32f0xx_flash.o
LOAD obj\release\spl\src\stm32f0xx_gpio.o
LOAD obj\release\spl\src\stm32f0xx_i2c.o
LOAD obj\release\spl\src\stm32f0xx_iwdg.o
LOAD obj\release\spl\src\stm32f0xx_misc.o
LOAD obj\release\spl\src\stm32f0xx_pwr.o
LOAD obj\release\spl\src\stm32f0xx_rcc.o
LOAD obj\release\spl\src\stm32f0xx_rtc.o
LOAD obj\release\spl\src\stm32f0xx_spi.o
LOAD obj\release\spl\src\stm32f0xx_syscfg.o
LOAD obj\release\spl\src\stm32f0xx_tim.o
LOAD obj\release\spl\src\stm32f0xx_usart.o
LOAD obj\release\spl\src\stm32f0xx_wwdg.o
LOAD obj\release\src\dht22.o
LOAD obj\release\src\essentials.o
LOAD obj\release\src\main.o
LOAD obj\release\src\startup_stm32f0xx.o
LOAD obj\release\src\system_stm32f0xx.o
START GROUP
LOAD c:/program files (x86)/emblocks/2.30/share/em_armgcc/bin/../lib/gcc/arm-none-eabi/4.7.3/armv6-m\libgcc.a
LOAD c:/program files (x86)/emblocks/2.30/share/em_armgcc/bin/../lib/gcc/arm-none-eabi/4.7.3/../../../../arm-none-eabi/lib/armv6-m\libc_n.a
LOAD c:/program files (x86)/emblocks/2.30/share/em_armgcc/bin/../lib/gcc/arm-none-eabi/4.7.3/../../../../arm-none-eabi/lib/armv6-m\libg_n.a
LOAD c:/program files (x86)/emblocks/2.30/share/em_armgcc/bin/../lib/gcc/arm-none-eabi/4.7.3/../../../../arm-none-eabi/lib/armv6-m\libnosys.a
END GROUP
LOAD c:/program files (x86)/emblocks/2.30/share/em_armgcc/bin/../lib/gcc/arm-none-eabi/4.7.3/armv6-m/crtend.o
LOAD c:/program files (x86)/emblocks/2.30/share/em_armgcc/bin/../lib/gcc/arm-none-eabi/4.7.3/armv6-m/crtn.o
OUTPUT(bin\Release\Nixius.elf elf32-littlearm)

.ARM.attributes
                0x00000000       0x28
 .ARM.attributes
                0x00000000       0x1e c:/program files (x86)/emblocks/2.30/share/em_armgcc/bin/../lib/gcc/arm-none-eabi/4.7.3/armv6-m/crti.o
 .ARM.attributes
                0x0000001e       0x2c c:/program files (x86)/emblocks/2.30/share/em_armgcc/bin/../lib/gcc/arm-none-eabi/4.7.3/armv6-m/crtbegin.o
 .ARM.attributes
                0x0000004a       0x1b c:/program files (x86)/emblocks/2.30/share/em_armgcc/bin/../lib/gcc/arm-none-eabi/4.7.3/../../../../arm-none-eabi/lib/armv6-m/crt0.o
 .ARM.attributes
                0x00000065       0x31 obj\release\spl\src\stm32f0xx_exti.o
 .ARM.attributes
                0x00000096       0x31 obj\release\spl\src\stm32f0xx_gpio.o
 .ARM.attributes
                0x000000c7       0x31 obj\release\spl\src\stm32f0xx_misc.o
 .ARM.attributes
                0x000000f8       0x31 obj\release\spl\src\stm32f0xx_pwr.o
 .ARM.attributes
                0x00000129       0x31 obj\release\spl\src\stm32f0xx_rcc.o
 .ARM.attributes
                0x0000015a       0x31 obj\release\spl\src\stm32f0xx_rtc.o
 .ARM.attributes
                0x0000018b       0x31 obj\release\spl\src\stm32f0xx_syscfg.o
 .ARM.attributes
                0x000001bc       0x31 obj\release\spl\src\stm32f0xx_tim.o
 .ARM.attributes
                0x000001ed       0x31 obj\release\src\dht22.o
 .ARM.attributes
                0x0000021e       0x31 obj\release\src\essentials.o
 .ARM.attributes
                0x0000024f       0x31 obj\release\src\main.o
 .ARM.attributes
                0x00000280       0x1b obj\release\src\startup_stm32f0xx.o
 .ARM.attributes
                0x0000029b       0x31 obj\release\src\system_stm32f0xx.o
 .ARM.attributes
                0x000002cc       0x1e c:/program files (x86)/emblocks/2.30/share/em_armgcc/bin/../lib/gcc/arm-none-eabi/4.7.3/armv6-m\libgcc.a(_udivsi3.o)
 .ARM.attributes
                0x000002ea       0x1e c:/program files (x86)/emblocks/2.30/share/em_armgcc/bin/../lib/gcc/arm-none-eabi/4.7.3/armv6-m\libgcc.a(_dvmd_tls.o)
 .ARM.attributes
                0x00000308       0x2c c:/program files (x86)/emblocks/2.30/share/em_armgcc/bin/../lib/gcc/arm-none-eabi/4.7.3/armv6-m\libgcc.a(addsf3.o)
 .ARM.attributes
                0x00000334       0x2c c:/program files (x86)/emblocks/2.30/share/em_armgcc/bin/../lib/gcc/arm-none-eabi/4.7.3/armv6-m\libgcc.a(divsf3.o)
 .ARM.attributes
                0x00000360       0x2c c:/program files (x86)/emblocks/2.30/share/em_armgcc/bin/../lib/gcc/arm-none-eabi/4.7.3/armv6-m\libgcc.a(mulsf3.o)
 .ARM.attributes
                0x0000038c       0x2c c:/program files (x86)/emblocks/2.30/share/em_armgcc/bin/../lib/gcc/arm-none-eabi/4.7.3/armv6-m\libgcc.a(fixsfsi.o)
 .ARM.attributes
                0x000003b8       0x2c c:/program files (x86)/emblocks/2.30/share/em_armgcc/bin/../lib/gcc/arm-none-eabi/4.7.3/armv6-m\libgcc.a(floatsisf.o)
 .ARM.attributes
                0x000003e4       0x1e c:/program files (x86)/emblocks/2.30/share/em_armgcc/bin/../lib/gcc/arm-none-eabi/4.7.3/armv6-m\libgcc.a(_clzsi2.o)
 .ARM.attributes
                0x00000402       0x2c c:/program files (x86)/emblocks/2.30/share/em_armgcc/bin/../lib/gcc/arm-none-eabi/4.7.3/../../../../arm-none-eabi/lib/armv6-m\libc_n.a(lib_a-exit.o)
 .ARM.attributes
                0x0000042e       0x2c c:/program files (x86)/emblocks/2.30/share/em_armgcc/bin/../lib/gcc/arm-none-eabi/4.7.3/../../../../arm-none-eabi/lib/armv6-m\libc_n.a(lib_a-impure.o)
 .ARM.attributes
                0x0000045a       0x2c c:/program files (x86)/emblocks/2.30/share/em_armgcc/bin/../lib/gcc/arm-none-eabi/4.7.3/../../../../arm-none-eabi/lib/armv6-m\libc_n.a(lib_a-init.o)
 .ARM.attributes
                0x00000486       0x2c c:/program files (x86)/emblocks/2.30/share/em_armgcc/bin/../lib/gcc/arm-none-eabi/4.7.3/../../../../arm-none-eabi/lib/armv6-m\libc_n.a(lib_a-memcpy-stub.o)
 .ARM.attributes
                0x000004b2       0x2c c:/program files (x86)/emblocks/2.30/share/em_armgcc/bin/../lib/gcc/arm-none-eabi/4.7.3/../../../../arm-none-eabi/lib/armv6-m\libc_n.a(lib_a-memset.o)
 .ARM.attributes
                0x000004de       0x2c c:/program files (x86)/emblocks/2.30/share/em_armgcc/bin/../lib/gcc/arm-none-eabi/4.7.3/../../../../arm-none-eabi/lib/armv6-m\libc_n.a(lib_a-sprintf.o)
 .ARM.attributes
                0x0000050a       0x2c c:/program files (x86)/emblocks/2.30/share/em_armgcc/bin/../lib/gcc/arm-none-eabi/4.7.3/../../../../arm-none-eabi/lib/armv6-m\libc_n.a(lib_a-svfprintf.o)
 .ARM.attributes
                0x00000536       0x2c c:/program files (x86)/emblocks/2.30/share/em_armgcc/bin/../lib/gcc/arm-none-eabi/4.7.3/../../../../arm-none-eabi/lib/armv6-m\libc_n.a(lib_a-vfprintf_i.o)
 .ARM.attributes
                0x00000562       0x2c c:/program files (x86)/emblocks/2.30/share/em_armgcc/bin/../lib/gcc/arm-none-eabi/4.7.3/../../../../arm-none-eabi/lib/armv6-m\libc_n.a(lib_a-memchr-stub.o)
 .ARM.attributes
                0x0000058e       0x2c c:/program files (x86)/emblocks/2.30/share/em_armgcc/bin/../lib/gcc/arm-none-eabi/4.7.3/../../../../arm-none-eabi/lib/armv6-m\libc_n.a(lib_a-memmove.o)
 .ARM.attributes
                0x000005ba       0x2c c:/program files (x86)/emblocks/2.30/share/em_armgcc/bin/../lib/gcc/arm-none-eabi/4.7.3/../../../../arm-none-eabi/lib/armv6-m\libc_n.a(lib_a-nano-freer.o)
 .ARM.attributes
                0x000005e6       0x2c c:/program files (x86)/emblocks/2.30/share/em_armgcc/bin/../lib/gcc/arm-none-eabi/4.7.3/../../../../arm-none-eabi/lib/armv6-m\libc_n.a(lib_a-nano-mallocr.o)
 .ARM.attributes
                0x00000612       0x2c c:/program files (x86)/emblocks/2.30/share/em_armgcc/bin/../lib/gcc/arm-none-eabi/4.7.3/../../../../arm-none-eabi/lib/armv6-m\libc_n.a(lib_a-nano-reallocr.o)
 .ARM.attributes
                0x0000063e       0x2c c:/program files (x86)/emblocks/2.30/share/em_armgcc/bin/../lib/gcc/arm-none-eabi/4.7.3/../../../../arm-none-eabi/lib/armv6-m\libc_n.a(lib_a-sbrkr.o)
 .ARM.attributes
                0x0000066a       0x2c c:/program files (x86)/emblocks/2.30/share/em_armgcc/bin/../lib/gcc/arm-none-eabi/4.7.3/../../../../arm-none-eabi/lib/armv6-m\libc_n.a(lib_a-strlen.o)
 .ARM.attributes
                0x00000696       0x2c c:/program files (x86)/emblocks/2.30/share/em_armgcc/bin/../lib/gcc/arm-none-eabi/4.7.3/../../../../arm-none-eabi/lib/armv6-m\libc_n.a(lib_a-nano-msizer.o)
 .ARM.attributes
                0x000006c2       0x2c c:/program files (x86)/emblocks/2.30/share/em_armgcc/bin/../lib/gcc/arm-none-eabi/4.7.3/../../../../arm-none-eabi/lib/armv6-m\libc_n.a(lib_a-reent.o)
 .ARM.attributes
                0x000006ee       0x2c c:/program files (x86)/emblocks/2.30/share/em_armgcc/bin/../lib/gcc/arm-none-eabi/4.7.3/../../../../arm-none-eabi/lib/armv6-m\libnosys.a(sbrk.o)
 .ARM.attributes
                0x0000071a       0x2c c:/program files (x86)/emblocks/2.30/share/em_armgcc/bin/../lib/gcc/arm-none-eabi/4.7.3/../../../../arm-none-eabi/lib/armv6-m\libnosys.a(_exit.o)
 .ARM.attributes
                0x00000746       0x2c c:/program files (x86)/emblocks/2.30/share/em_armgcc/bin/../lib/gcc/arm-none-eabi/4.7.3/armv6-m/crtend.o
 .ARM.attributes
                0x00000772       0x1e c:/program files (x86)/emblocks/2.30/share/em_armgcc/bin/../lib/gcc/arm-none-eabi/4.7.3/armv6-m/crtn.o

.comment        0x00000000       0x38
 .comment       0x00000000       0x38 obj\release\spl\src\stm32f0xx_exti.o
                                 0x39 (size before relaxing)
 .comment       0x00000000       0x39 obj\release\spl\src\stm32f0xx_gpio.o
 .comment       0x00000000       0x39 obj\release\spl\src\stm32f0xx_misc.o
 .comment       0x00000000       0x39 obj\release\spl\src\stm32f0xx_pwr.o
 .comment       0x00000000       0x39 obj\release\spl\src\stm32f0xx_rcc.o
 .comment       0x00000000       0x39 obj\release\spl\src\stm32f0xx_rtc.o
 .comment       0x00000000       0x39 obj\release\spl\src\stm32f0xx_syscfg.o
 .comment       0x00000000       0x39 obj\release\spl\src\stm32f0xx_tim.o
 .comment       0x00000000       0x39 obj\release\src\dht22.o
 .comment       0x00000000       0x39 obj\release\src\essentials.o
 .comment       0x00000000       0x39 obj\release\src\main.o
 .comment       0x00000000       0x39 obj\release\src\system_stm32f0xx.o

.debug_info     0x00000000     0x9365
 .debug_info    0x00000000      0x34c obj\release\spl\src\stm32f0xx_exti.o
 .debug_info    0x0000034c      0x78e obj\release\spl\src\stm32f0xx_gpio.o
 .debug_info    0x00000ada      0x3b8 obj\release\spl\src\stm32f0xx_misc.o
 .debug_info    0x00000e92      0x469 obj\release\spl\src\stm32f0xx_pwr.o
 .debug_info    0x000012fb      0xb46 obj\release\spl\src\stm32f0xx_rcc.o
 .debug_info    0x00001e41     0x163b obj\release\spl\src\stm32f0xx_rtc.o
 .debug_info    0x0000347c      0x2e5 obj\release\spl\src\stm32f0xx_syscfg.o
 .debug_info    0x00003761     0x2602 obj\release\spl\src\stm32f0xx_tim.o
 .debug_info    0x00005d63      0xb7f obj\release\src\dht22.o
 .debug_info    0x000068e2      0x592 obj\release\src\essentials.o
 .debug_info    0x00006e74     0x2193 obj\release\src\main.o
 .debug_info    0x00009007       0x6d obj\release\src\startup_stm32f0xx.o
 .debug_info    0x00009074      0x2f1 obj\release\src\system_stm32f0xx.o

.debug_abbrev   0x00000000     0x18dd
 .debug_abbrev  0x00000000      0x1ce obj\release\spl\src\stm32f0xx_exti.o
 .debug_abbrev  0x000001ce      0x1fb obj\release\spl\src\stm32f0xx_gpio.o
 .debug_abbrev  0x000003c9      0x138 obj\release\spl\src\stm32f0xx_misc.o
 .debug_abbrev  0x00000501      0x1e8 obj\release\spl\src\stm32f0xx_pwr.o
 .debug_abbrev  0x000006e9      0x268 obj\release\spl\src\stm32f0xx_rcc.o
 .debug_abbrev  0x00000951      0x2c0 obj\release\spl\src\stm32f0xx_rtc.o
 .debug_abbrev  0x00000c11      0x174 obj\release\spl\src\stm32f0xx_syscfg.o
 .debug_abbrev  0x00000d85      0x2aa obj\release\spl\src\stm32f0xx_tim.o
 .debug_abbrev  0x0000102f      0x1e2 obj\release\src\dht22.o
 .debug_abbrev  0x00001211      0x1f9 obj\release\src\essentials.o
 .debug_abbrev  0x0000140a      0x3ad obj\release\src\main.o
 .debug_abbrev  0x000017b7       0x14 obj\release\src\startup_stm32f0xx.o
 .debug_abbrev  0x000017cb      0x112 obj\release\src\system_stm32f0xx.o

.debug_loc      0x00000000     0x6383
 .debug_loc     0x00000000      0x1b3 obj\release\spl\src\stm32f0xx_exti.o
 .debug_loc     0x000001b3      0x3ea obj\release\spl\src\stm32f0xx_gpio.o
 .debug_loc     0x0000059d      0x130 obj\release\spl\src\stm32f0xx_misc.o
 .debug_loc     0x000006cd      0x26d obj\release\spl\src\stm32f0xx_pwr.o
 .debug_loc     0x0000093a      0xc3b obj\release\spl\src\stm32f0xx_rcc.o
 .debug_loc     0x00001575     0x1902 obj\release\spl\src\stm32f0xx_rtc.o
 .debug_loc     0x00002e77      0x219 obj\release\spl\src\stm32f0xx_syscfg.o
 .debug_loc     0x00003090     0x2816 obj\release\spl\src\stm32f0xx_tim.o
 .debug_loc     0x000058a6      0x39d obj\release\src\dht22.o
 .debug_loc     0x00005c43      0x12c obj\release\src\essentials.o
 .debug_loc     0x00005d6f      0x502 obj\release\src\main.o
 .debug_loc     0x00006271      0x112 obj\release\src\system_stm32f0xx.o

.debug_aranges  0x00000000      0x928
 .debug_aranges
                0x00000000       0x58 obj\release\spl\src\stm32f0xx_exti.o
 .debug_aranges
                0x00000058       0x80 obj\release\spl\src\stm32f0xx_gpio.o
 .debug_aranges
                0x000000d8       0x30 obj\release\spl\src\stm32f0xx_misc.o
 .debug_aranges
                0x00000108       0x68 obj\release\spl\src\stm32f0xx_pwr.o
 .debug_aranges
                0x00000170      0x160 obj\release\spl\src\stm32f0xx_rcc.o
 .debug_aranges
                0x000002d0      0x1b0 obj\release\spl\src\stm32f0xx_rtc.o
 .debug_aranges
                0x00000480       0x58 obj\release\spl\src\stm32f0xx_syscfg.o
 .debug_aranges
                0x000004d8      0x2e0 obj\release\spl\src\stm32f0xx_tim.o
 .debug_aranges
                0x000007b8       0x68 obj\release\src\dht22.o
 .debug_aranges
                0x00000820       0x50 obj\release\src\essentials.o
 .debug_aranges
                0x00000870       0x70 obj\release\src\main.o
 .debug_aranges
                0x000008e0       0x20 obj\release\src\startup_stm32f0xx.o
 .debug_aranges
                0x00000900       0x28 obj\release\src\system_stm32f0xx.o

.debug_ranges   0x00000000      0xc78
 .debug_ranges  0x00000000       0x48 obj\release\spl\src\stm32f0xx_exti.o
 .debug_ranges  0x00000048       0x70 obj\release\spl\src\stm32f0xx_gpio.o
 .debug_ranges  0x000000b8       0x20 obj\release\spl\src\stm32f0xx_misc.o
 .debug_ranges  0x000000d8       0x58 obj\release\spl\src\stm32f0xx_pwr.o
 .debug_ranges  0x00000130      0x150 obj\release\spl\src\stm32f0xx_rcc.o
 .debug_ranges  0x00000280      0x350 obj\release\spl\src\stm32f0xx_rtc.o
 .debug_ranges  0x000005d0       0x48 obj\release\spl\src\stm32f0xx_syscfg.o
 .debug_ranges  0x00000618      0x530 obj\release\spl\src\stm32f0xx_tim.o
 .debug_ranges  0x00000b48       0x58 obj\release\src\dht22.o
 .debug_ranges  0x00000ba0       0x40 obj\release\src\essentials.o
 .debug_ranges  0x00000be0       0x80 obj\release\src\main.o
 .debug_ranges  0x00000c60       0x18 obj\release\src\system_stm32f0xx.o

.debug_line     0x00000000     0x339d
 .debug_line    0x00000000      0x254 obj\release\spl\src\stm32f0xx_exti.o
 .debug_line    0x00000254      0x2f4 obj\release\spl\src\stm32f0xx_gpio.o
 .debug_line    0x00000548      0x1f0 obj\release\spl\src\stm32f0xx_misc.o
 .debug_line    0x00000738      0x2c9 obj\release\spl\src\stm32f0xx_pwr.o
 .debug_line    0x00000a01      0x5e8 obj\release\spl\src\stm32f0xx_rcc.o
 .debug_line    0x00000fe9      0x98a obj\release\spl\src\stm32f0xx_rtc.o
 .debug_line    0x00001973      0x22a obj\release\spl\src\stm32f0xx_syscfg.o
 .debug_line    0x00001b9d      0xbac obj\release\spl\src\stm32f0xx_tim.o
 .debug_line    0x00002749      0x2de obj\release\src\dht22.o
 .debug_line    0x00002a27      0x235 obj\release\src\essentials.o
 .debug_line    0x00002c5c      0x4ef obj\release\src\main.o
 .debug_line    0x0000314b       0x99 obj\release\src\startup_stm32f0xx.o
 .debug_line    0x000031e4      0x1b9 obj\release\src\system_stm32f0xx.o

.debug_str      0x00000000     0x28cf
 .debug_str     0x00000000      0x264 obj\release\spl\src\stm32f0xx_exti.o
                                0x2bb (size before relaxing)
 .debug_str     0x00000264      0x322 obj\release\spl\src\stm32f0xx_gpio.o
                                0x43e (size before relaxing)
 .debug_str     0x00000586      0x14d obj\release\spl\src\stm32f0xx_misc.o
                                0x282 (size before relaxing)
 .debug_str     0x000006d3      0x145 obj\release\spl\src\stm32f0xx_pwr.o
                                0x2be (size before relaxing)
 .debug_str     0x00000818      0x553 obj\release\spl\src\stm32f0xx_rcc.o
                                0x706 (size before relaxing)
 .debug_str     0x00000d6b      0x83e obj\release\spl\src\stm32f0xx_rtc.o
                                0x9d3 (size before relaxing)
 .debug_str     0x000015a9      0x170 obj\release\spl\src\stm32f0xx_syscfg.o
                                0x2a7 (size before relaxing)
 .debug_str     0x00001719      0xb97 obj\release\spl\src\stm32f0xx_tim.o
                                0xd98 (size before relaxing)
 .debug_str     0x000022b0      0x141 obj\release\src\dht22.o
                                0x677 (size before relaxing)
 .debug_str     0x000023f1       0x5f obj\release\src\essentials.o
                                0x33b (size before relaxing)
 .debug_str     0x00002450      0x420 obj\release\src\main.o
                                0xbf9 (size before relaxing)
 .debug_str     0x00002870       0x5f obj\release\src\system_stm32f0xx.o
                                0x1ec (size before relaxing)

.debug_frame    0x00000000     0x1a64
 .debug_frame   0x00000000       0x98 obj\release\spl\src\stm32f0xx_exti.o
 .debug_frame   0x00000098      0x118 obj\release\spl\src\stm32f0xx_gpio.o
 .debug_frame   0x000001b0       0x5c obj\release\spl\src\stm32f0xx_misc.o
 .debug_frame   0x0000020c       0xe0 obj\release\spl\src\stm32f0xx_pwr.o
 .debug_frame   0x000002ec      0x350 obj\release\spl\src\stm32f0xx_rcc.o
 .debug_frame   0x0000063c      0x490 obj\release\spl\src\stm32f0xx_rtc.o
 .debug_frame   0x00000acc       0xac obj\release\spl\src\stm32f0xx_syscfg.o
 .debug_frame   0x00000b78      0x6c4 obj\release\spl\src\stm32f0xx_tim.o
 .debug_frame   0x0000123c      0x118 obj\release\src\dht22.o
 .debug_frame   0x00001354       0xb8 obj\release\src\essentials.o
 .debug_frame   0x0000140c      0x15c obj\release\src\main.o
 .debug_frame   0x00001568       0x38 obj\release\src\system_stm32f0xx.o
 .debug_frame   0x000015a0       0x20 c:/program files (x86)/emblocks/2.30/share/em_armgcc/bin/../lib/gcc/arm-none-eabi/4.7.3/armv6-m\libgcc.a(_udivsi3.o)
 .debug_frame   0x000015c0       0x30 c:/program files (x86)/emblocks/2.30/share/em_armgcc/bin/../lib/gcc/arm-none-eabi/4.7.3/armv6-m\libgcc.a(addsf3.o)
 .debug_frame   0x000015f0       0x3c c:/program files (x86)/emblocks/2.30/share/em_armgcc/bin/../lib/gcc/arm-none-eabi/4.7.3/armv6-m\libgcc.a(divsf3.o)
 .debug_frame   0x0000162c       0x3c c:/program files (x86)/emblocks/2.30/share/em_armgcc/bin/../lib/gcc/arm-none-eabi/4.7.3/armv6-m\libgcc.a(mulsf3.o)
 .debug_frame   0x00001668       0x28 c:/program files (x86)/emblocks/2.30/share/em_armgcc/bin/../lib/gcc/arm-none-eabi/4.7.3/armv6-m\libgcc.a(fixsfsi.o)
 .debug_frame   0x00001690       0x2c c:/program files (x86)/emblocks/2.30/share/em_armgcc/bin/../lib/gcc/arm-none-eabi/4.7.3/armv6-m\libgcc.a(floatsisf.o)
 .debug_frame   0x000016bc       0x28 c:/program files (x86)/emblocks/2.30/share/em_armgcc/bin/../lib/gcc/arm-none-eabi/4.7.3/../../../../arm-none-eabi/lib/armv6-m\libc_n.a(lib_a-exit.o)
 .debug_frame   0x000016e4       0x2c c:/program files (x86)/emblocks/2.30/share/em_armgcc/bin/../lib/gcc/arm-none-eabi/4.7.3/../../../../arm-none-eabi/lib/armv6-m\libc_n.a(lib_a-init.o)
 .debug_frame   0x00001710       0x28 c:/program files (x86)/emblocks/2.30/share/em_armgcc/bin/../lib/gcc/arm-none-eabi/4.7.3/../../../../arm-none-eabi/lib/armv6-m\libc_n.a(lib_a-memcpy-stub.o)
 .debug_frame   0x00001738       0x28 c:/program files (x86)/emblocks/2.30/share/em_armgcc/bin/../lib/gcc/arm-none-eabi/4.7.3/../../../../arm-none-eabi/lib/armv6-m\libc_n.a(lib_a-memset.o)
 .debug_frame   0x00001760       0x4c c:/program files (x86)/emblocks/2.30/share/em_armgcc/bin/../lib/gcc/arm-none-eabi/4.7.3/../../../../arm-none-eabi/lib/armv6-m\libc_n.a(lib_a-sprintf.o)
 .debug_frame   0x000017ac       0x74 c:/program files (x86)/emblocks/2.30/share/em_armgcc/bin/../lib/gcc/arm-none-eabi/4.7.3/../../../../arm-none-eabi/lib/armv6-m\libc_n.a(lib_a-svfprintf.o)
 .debug_frame   0x00001820       0x54 c:/program files (x86)/emblocks/2.30/share/em_armgcc/bin/../lib/gcc/arm-none-eabi/4.7.3/../../../../arm-none-eabi/lib/armv6-m\libc_n.a(lib_a-vfprintf_i.o)
 .debug_frame   0x00001874       0x28 c:/program files (x86)/emblocks/2.30/share/em_armgcc/bin/../lib/gcc/arm-none-eabi/4.7.3/../../../../arm-none-eabi/lib/armv6-m\libc_n.a(lib_a-memchr-stub.o)
 .debug_frame   0x0000189c       0x2c c:/program files (x86)/emblocks/2.30/share/em_armgcc/bin/../lib/gcc/arm-none-eabi/4.7.3/../../../../arm-none-eabi/lib/armv6-m\libc_n.a(lib_a-memmove.o)
 .debug_frame   0x000018c8       0x30 c:/program files (x86)/emblocks/2.30/share/em_armgcc/bin/../lib/gcc/arm-none-eabi/4.7.3/../../../../arm-none-eabi/lib/armv6-m\libc_n.a(lib_a-nano-freer.o)
 .debug_frame   0x000018f8       0x30 c:/program files (x86)/emblocks/2.30/share/em_armgcc/bin/../lib/gcc/arm-none-eabi/4.7.3/../../../../arm-none-eabi/lib/armv6-m\libc_n.a(lib_a-nano-mallocr.o)
 .debug_frame   0x00001928       0x30 c:/program files (x86)/emblocks/2.30/share/em_armgcc/bin/../lib/gcc/arm-none-eabi/4.7.3/../../../../arm-none-eabi/lib/armv6-m\libc_n.a(lib_a-nano-reallocr.o)
 .debug_frame   0x00001958       0x2c c:/program files (x86)/emblocks/2.30/share/em_armgcc/bin/../lib/gcc/arm-none-eabi/4.7.3/../../../../arm-none-eabi/lib/armv6-m\libc_n.a(lib_a-sbrkr.o)
 .debug_frame   0x00001984       0x20 c:/program files (x86)/emblocks/2.30/share/em_armgcc/bin/../lib/gcc/arm-none-eabi/4.7.3/../../../../arm-none-eabi/lib/armv6-m\libc_n.a(lib_a-strlen.o)
 .debug_frame   0x000019a4       0x28 c:/program files (x86)/emblocks/2.30/share/em_armgcc/bin/../lib/gcc/arm-none-eabi/4.7.3/../../../../arm-none-eabi/lib/armv6-m\libc_n.a(lib_a-nano-msizer.o)
 .debug_frame   0x000019cc       0x48 c:/program files (x86)/emblocks/2.30/share/em_armgcc/bin/../lib/gcc/arm-none-eabi/4.7.3/../../../../arm-none-eabi/lib/armv6-m\libc_n.a(lib_a-reent.o)
 .debug_frame   0x00001a14       0x28 c:/program files (x86)/emblocks/2.30/share/em_armgcc/bin/../lib/gcc/arm-none-eabi/4.7.3/../../../../arm-none-eabi/lib/armv6-m\libnosys.a(sbrk.o)
 .debug_frame   0x00001a3c       0x28 c:/program files (x86)/emblocks/2.30/share/em_armgcc/bin/../lib/gcc/arm-none-eabi/4.7.3/../../../../arm-none-eabi/lib/armv6-m\libnosys.a(_exit.o)
